[2026-03-29 12:36:03 UTC] [INFO] ============================================================
[2026-03-29 12:36:03 UTC] [INFO] AEGIS-FIN Batch Pipeline  |  547 companies  |  dry=False
[2026-03-29 12:36:03 UTC] [INFO] ============================================================
[2026-03-29 12:36:03 UTC] [INFO] Pre-computing sector metrics & health (shared across all companies)...
[2026-03-29 12:36:30 UTC] [INFO] Sectors ready: 12 metrics, 12 health dfs
[2026-03-29 12:36:30 UTC] [INFO] 
[1/547] ── Infollion Research Services (INFOLLION.NS)
[2026-03-29 12:37:36 UTC] [WARN]   [log-push] Failed to write pipeline_log: {'code': 'PGRST205', 'details': None, 'hint': "Perhaps you meant the table 'public.rolling_corr'", 'message': "Could not find the table 'public.pipeline_log' in the schema cache"}
[2026-03-29 12:37:36 UTC] [INFO]   ✔  Done in 65.3s
[2026-03-29 12:37:38 UTC] [INFO] 
[2/547] ── Zaggle Prepaid Ocean Services (ZAGGLE.NS)
[2026-03-29 12:39:44 UTC] [WARN]   [log-push] Failed to write pipeline_log: {'code': 'PGRST205', 'details': None, 'hint': "Perhaps you meant the table 'public.rolling_corr'", 'message': "Could not find the table 'public.pipeline_log' in the schema cache"}
[2026-03-29 12:39:44 UTC] [INFO]   ✔  Done in 126.5s
[2026-03-29 12:39:46 UTC] [INFO] 
[3/547] ── Netweb Technologies India (NETWEB.NS)
[2026-03-29 12:40:51 UTC] [WARN]   [log-push] Failed to write pipeline_log: {'code': 'PGRST205', 'details': None, 'hint': "Perhaps you meant the table 'public.rolling_corr'", 'message': "Could not find the table 'public.pipeline_log' in the schema cache"}
[2026-03-29 12:40:51 UTC] [INFO]   ✔  Done in 65.0s
[2026-03-29 12:40:53 UTC] [INFO] 
[4/547] ── Avalon Technologies (AVALON.NS)
[2026-03-29 12:44:09 UTC] [INFO] ============================================================
[2026-03-29 12:44:09 UTC] [INFO] AEGIS-FIN Batch Pipeline  |  547 companies  |  dry=False
[2026-03-29 12:44:09 UTC] [INFO] ============================================================
[2026-03-29 12:44:09 UTC] [INFO] Pre-computing sector metrics & health (shared across all companies)...
[2026-03-29 12:44:20 UTC] [INFO] Sectors ready: 12 metrics, 12 health dfs
[2026-03-29 12:44:20 UTC] [INFO] 
[1/547] ── Infollion Research Services (INFOLLION.NS)
[2026-03-29 12:45:34 UTC] [WARN]   [log-push] Failed to write pipeline_log: {'code': '42P10', 'details': None, 'hint': None, 'message': 'there is no unique or exclusion constraint matching the ON CONFLICT specification'}
[2026-03-29 12:45:34 UTC] [INFO]   ✔  Done in 73.4s
[2026-03-29 12:45:36 UTC] [INFO] 
[2/547] ── Zaggle Prepaid Ocean Services (ZAGGLE.NS)
[2026-03-29 12:46:27 UTC] [WARN]   [log-push] Failed to write pipeline_log: {'code': '42P10', 'details': None, 'hint': None, 'message': 'there is no unique or exclusion constraint matching the ON CONFLICT specification'}
[2026-03-29 12:46:27 UTC] [INFO]   ✔  Done in 51.0s
[2026-03-29 12:46:29 UTC] [INFO] 
[3/547] ── Netweb Technologies India (NETWEB.NS)
[2026-03-29 12:58:16 UTC] [INFO] ============================================================
[2026-03-29 12:58:16 UTC] [INFO] AEGIS-FIN Batch Pipeline  |  3 companies  |  dry=False
[2026-03-29 12:58:16 UTC] [INFO] ============================================================
[2026-03-29 12:58:16 UTC] [INFO] Pre-computing sector metrics & health (shared across all companies)...
[2026-03-29 12:58:27 UTC] [INFO] Sectors ready: 12 metrics, 12 health dfs
[2026-03-29 12:58:28 UTC] [INFO] 
[1/3] ── Infollion Research Services (INFOLLION.NS)
[2026-03-29 12:58:59 UTC] [INFO] ============================================================
[2026-03-29 12:58:59 UTC] [INFO] AEGIS-FIN Batch Pipeline  |  547 companies  |  dry=False
[2026-03-29 12:58:59 UTC] [INFO] ============================================================
[2026-03-29 12:58:59 UTC] [INFO] Pre-computing sector metrics & health (shared across all companies)...
[2026-03-29 12:59:10 UTC] [INFO] Sectors ready: 12 metrics, 12 health dfs
[2026-03-29 12:59:11 UTC] [INFO] [1/547] SKIP (already done): Infollion Research Services
[2026-03-29 12:59:11 UTC] [INFO] [2/547] SKIP (already done): Zaggle Prepaid Ocean Services
[2026-03-29 12:59:11 UTC] [INFO] 
[3/547] ── Netweb Technologies India (NETWEB.NS)
[2026-03-29 13:00:11 UTC] [WARN]   [log-push] Failed to write pipeline_log: {'code': '42P10', 'details': None, 'hint': None, 'message': 'there is no unique or exclusion constraint matching the ON CONFLICT specification'}
[2026-03-29 13:00:11 UTC] [INFO]   ✔  Done in 60.4s
[2026-03-29 13:00:13 UTC] [INFO] 
[4/547] ── Avalon Technologies (AVALON.NS)
[2026-03-29 13:01:30 UTC] [WARN]   [log-push] Failed to write pipeline_log: {'code': '42P10', 'details': None, 'hint': None, 'message': 'there is no unique or exclusion constraint matching the ON CONFLICT specification'}
[2026-03-29 13:01:30 UTC] [INFO]   ✔  Done in 76.6s
[2026-03-29 13:01:32 UTC] [INFO] 
[5/547] ── Ideaforge Technology (IDEAFORGE.NS)
[2026-03-29 13:02:44 UTC] [WARN]   [log-push] Failed to write pipeline_log: {'code': '42P10', 'details': None, 'hint': None, 'message': 'there is no unique or exclusion constraint matching the ON CONFLICT specification'}
[2026-03-29 13:02:44 UTC] [INFO]   ✔  Done in 71.4s
[2026-03-29 13:02:46 UTC] [INFO] 
[6/547] ── Cyient DLM (CYIENTDLM.NS)
[2026-03-29 13:05:44 UTC] [INFO] ============================================================
[2026-03-29 13:05:44 UTC] [INFO] AEGIS-FIN Batch Pipeline  |  547 companies  |  dry=False
[2026-03-29 13:05:44 UTC] [INFO] ============================================================
[2026-03-29 13:05:44 UTC] [INFO] Pre-computing sector metrics & health (shared across all companies)...
[2026-03-29 13:06:09 UTC] [INFO] Sectors ready: 12 metrics, 12 health dfs
[2026-03-29 13:06:10 UTC] [INFO] 
[1/547] ── Infollion Research Services (INFOLLION.NS)
[2026-03-29 13:07:13 UTC] [WARN]   [log-push] Failed to write pipeline_log: {'code': '42P10', 'details': None, 'hint': None, 'message': 'there is no unique or exclusion constraint matching the ON CONFLICT specification'}
[2026-03-29 13:07:13 UTC] [INFO]   ✔  Done in 63.1s
[2026-03-29 13:07:15 UTC] [INFO] 
[2/547] ── Zaggle Prepaid Ocean Services (ZAGGLE.NS)
[2026-03-29 13:51:48 UTC] [INFO] ============================================================
[2026-03-29 13:51:48 UTC] [INFO] AEGIS-FIN Pipeline  |  137 companies  |  dry=False  |  resume=False
[2026-03-29 13:51:48 UTC] [INFO] ============================================================
[2026-03-29 13:51:48 UTC] [INFO] Pre-computing sector data (shared across all companies)...
[2026-03-29 13:52:17 UTC] [INFO] ============================================================
[2026-03-29 13:52:17 UTC] [INFO] AEGIS-FIN Pipeline  |  137 companies  |  dry=False  |  resume=False
[2026-03-29 13:52:17 UTC] [INFO] ============================================================
[2026-03-29 13:52:17 UTC] [INFO] Pre-computing sector data (shared across all companies)...
[2026-03-29 13:52:40 UTC] [INFO] ============================================================
[2026-03-29 13:52:40 UTC] [INFO] AEGIS-FIN Pipeline  |  137 companies  |  dry=False  |  resume=False
[2026-03-29 13:52:40 UTC] [INFO] ============================================================
[2026-03-29 13:52:40 UTC] [INFO] Pre-computing sector data (shared across all companies)...
[2026-03-29 13:52:42 UTC] [INFO] Sectors ready: 12 metrics, 12 health dfs
[2026-03-29 13:52:43 UTC] [INFO] Pushing sector metrics and health to Supabase...
[2026-03-29 13:52:50 UTC] [INFO] Sectors ready: 12 metrics, 12 health dfs
[2026-03-29 13:52:51 UTC] [INFO] Pushing sector metrics and health to Supabase...
[2026-03-29 13:53:06 UTC] [INFO] ============================================================
[2026-03-29 13:53:06 UTC] [INFO] AEGIS-FIN Pipeline  |  137 companies  |  dry=False  |  resume=False
[2026-03-29 13:53:06 UTC] [INFO] ============================================================
[2026-03-29 13:53:06 UTC] [INFO] Pre-computing sector data (shared across all companies)...
[2026-03-29 13:53:15 UTC] [INFO] Sector data pushed.
[2026-03-29 13:53:15 UTC] [INFO] [1/137] Infollion Research Services (INFOLLION.NS)
[2026-03-29 13:53:15 UTC] [INFO] Sectors ready: 12 metrics, 12 health dfs
[2026-03-29 13:53:16 UTC] [INFO] Pushing sector metrics and health to Supabase...
[2026-03-29 13:53:21 UTC] [INFO] Sector data pushed.
[2026-03-29 13:53:21 UTC] [INFO] [138/274] Hitech Corporation (HITECH.BO)
[2026-03-29 13:53:36 UTC] [INFO] Sector data pushed.
[2026-03-29 13:53:36 UTC] [INFO] [275/411] Avalon Tech (EMS) (AVALONEMS.BO)
[2026-03-29 13:53:39 UTC] [ERROR]   ✘ FAILED in 2.3s: No valid company data found or empty dataframe.
[2026-03-29 13:53:40 UTC] [INFO] [276/411] Electro Force India (ELECTROF.BO)
[2026-03-29 13:53:41 UTC] [INFO] ============================================================
[2026-03-29 13:53:41 UTC] [INFO] AEGIS-FIN Pipeline  |  131 companies  |  dry=False  |  resume=False
[2026-03-29 13:53:41 UTC] [INFO] ============================================================
[2026-03-29 13:53:41 UTC] [INFO] Pre-computing sector data (shared across all companies)...
[2026-03-29 13:53:42 UTC] [ERROR]   ✘ FAILED in 2.3s: No valid company data found or empty dataframe.
[2026-03-29 13:53:43 UTC] [INFO] [277/411] Maxvolt Energy (MAXVOLT.BO)
[2026-03-29 13:53:44 UTC] [ERROR]   ✘ FAILED in 1.5s: No valid company data found or empty dataframe.
[2026-03-29 13:53:45 UTC] [INFO] [278/411] Shri Ram Switchgear (SRSWITCH.BO)
[2026-03-29 13:53:47 UTC] [ERROR]   ✘ FAILED in 2.0s: No valid company data found or empty dataframe.
[2026-03-29 13:53:48 UTC] [INFO] [279/411] Maris-Tech (MARISTECH.BO)
[2026-03-29 13:53:50 UTC] [ERROR]   ✘ FAILED in 1.5s: No valid company data found or empty dataframe.
[2026-03-29 13:53:50 UTC] [INFO] Sectors ready: 12 metrics, 12 health dfs
[2026-03-29 13:53:51 UTC] [INFO] [280/411] Shubhlaxmi Poly Yarn (SHUBHLAXMI.BO)
[2026-03-29 13:53:52 UTC] [INFO] Pushing sector metrics and health to Supabase...
[2026-03-29 13:53:53 UTC] [ERROR]   ✘ FAILED in 1.8s: No valid company data found or empty dataframe.
[2026-03-29 13:53:54 UTC] [INFO] [281/411] HMA Agro Industries (HMAAGRO.NS)
[2026-03-29 13:54:20 UTC] [INFO]   ✔ Done in 65.3s
[2026-03-29 13:54:21 UTC] [INFO] [2/137] Zaggle Prepaid Ocean Services (ZAGGLE.NS)
[2026-03-29 13:54:21 UTC] [INFO]   ✔ Done in 60.5s
[2026-03-29 13:54:22 UTC] [INFO] [139/274] JG Chemicals (JGCHEM.NS)
[2026-03-29 13:54:25 UTC] [INFO] Sector data pushed.
[2026-03-29 13:54:25 UTC] [INFO] [412/542] VIP Industries (VIPIND.NS)
[2026-03-29 13:54:52 UTC] [INFO]   ✔ Done in 58.4s
[2026-03-29 13:54:53 UTC] [INFO] [282/411] Arkade Developers (Corp) (ARKADECORP.BO)
[2026-03-29 13:54:55 UTC] [ERROR]   ✘ FAILED in 1.9s: No valid company data found or empty dataframe.
[2026-03-29 13:54:56 UTC] [INFO] [283/411] Aayam Medicaments (AAYAM.BO)
[2026-03-29 13:54:58 UTC] [ERROR]   ✘ FAILED in 1.8s: No valid company data found or empty dataframe.
[2026-03-29 13:54:59 UTC] [INFO] [284/411] Vimta Labs (VIMTALABS.NS)
[2026-03-29 13:55:13 UTC] [INFO]   ✔ Done in 51.0s
[2026-03-29 13:55:14 UTC] [INFO] [140/274] Tatva Chintan Pharma (TATVA2.NS)
[2026-03-29 13:55:17 UTC] [ERROR]   ✘ FAILED in 2.6s: No valid company data found or empty dataframe.
[2026-03-29 13:55:18 UTC] [INFO] [141/274] Archit Organosys (ARCHIT.NS)
[2026-03-29 13:55:19 UTC] [INFO]   ✔ Done in 58.4s
[2026-03-29 13:55:20 UTC] [ERROR]   ✘ FAILED in 2.6s: No valid company data found or empty dataframe.
[2026-03-29 13:55:20 UTC] [INFO] [3/137] Netweb Technologies India (NETWEB.NS)
[2026-03-29 13:55:21 UTC] [INFO] [142/274] Clean Science Technology (CLEAN.NS)
[2026-03-29 13:55:29 UTC] [INFO]   ✔ Done in 64.3s
[2026-03-29 13:55:30 UTC] [INFO] [413/542] Raymond Limited (RAYMOND.NS)
[2026-03-29 13:56:13 UTC] [INFO]   ✔ Done in 74.7s
[2026-03-29 13:56:14 UTC] [INFO] [285/411] Galaxy Surfactants (GALAXYSURF.NS)
[2026-03-29 13:56:22 UTC] [INFO]   ✔ Done in 60.9s
[2026-03-29 13:56:23 UTC] [INFO]   ✔ Done in 62.2s
[2026-03-29 13:56:23 UTC] [INFO] [143/274] Neogen Chemicals (NEOGEN.NS)
[2026-03-29 13:56:24 UTC] [INFO] [4/137] Avalon Technologies (AVALON.NS)
[2026-03-29 13:56:28 UTC] [INFO]   ✔ Done in 57.9s
[2026-03-29 13:56:29 UTC] [INFO] [414/542] Grasim Industries (Textiles) (GRASIM.NS)
[2026-03-29 13:57:34 UTC] [INFO]   ✔ Done in 64.9s
[2026-03-29 13:57:34 UTC] [INFO]   ✔ Done in 79.9s
[2026-03-29 13:57:35 UTC] [INFO]   ✔ Done in 71.4s
[2026-03-29 13:57:35 UTC] [INFO] [415/542] Indo Count Industries (ICIL.NS)
[2026-03-29 13:57:35 UTC] [INFO] [286/411] Gujarat Fluorochemicals (GUJFLUORO.NS)
[2026-03-29 13:57:36 UTC] [INFO] [144/274] Anupam Rasayan (ANUPAMRAS.NS)
[2026-03-29 13:57:37 UTC] [ERROR]   ✘ FAILED in 1.5s: No valid company data found or empty dataframe.
[2026-03-29 13:57:37 UTC] [ERROR]   ✘ FAILED in 1.6s: No valid company data found or empty dataframe.
[2026-03-29 13:57:38 UTC] [INFO] [287/411] Navin Fluorine (NAVINFLUOR.NS)
[2026-03-29 13:57:38 UTC] [INFO] [145/274] Sudarshan Chemical (SUDARSCHEM.NS)
[2026-03-29 13:58:04 UTC] [INFO]   ✔ Done in 99.9s
[2026-03-29 13:58:05 UTC] [INFO] [5/137] Ideaforge Technology (IDEAFORGE.NS)
[2026-03-29 13:58:43 UTC] [INFO]   ✔ Done in 68.7s
[2026-03-29 13:58:44 UTC] [INFO] [416/542] Trident Limited (TRIDENT.NS)
[2026-03-29 13:58:46 UTC] [INFO]   ✔ Done in 68.1s
[2026-03-29 13:58:47 UTC] [INFO]   ✔ Done in 69.0s
[2026-03-29 13:58:47 UTC] [INFO] [146/274] Ami Organics (AMIORG.NS)
[2026-03-29 13:58:48 UTC] [INFO] [288/411] Himadri Speciality (HISARCHEM.NS)
[2026-03-29 13:58:49 UTC] [ERROR]   ✘ FAILED in 1.4s: No valid company data found or empty dataframe.
[2026-03-29 13:58:49 UTC] [ERROR]   ✘ FAILED in 1.4s: No valid company data found or empty dataframe.
[2026-03-29 13:58:50 UTC] [INFO] [147/274] Chemplast Sanmar (CHEMPLASTS.NS)
[2026-03-29 13:58:50 UTC] [INFO] [289/411] Caplin Point Labs (CAPLINPNT.NS)
[2026-03-29 13:58:52 UTC] [ERROR]   ✘ FAILED in 1.7s: No valid company data found or empty dataframe.
[2026-03-29 13:58:53 UTC] [INFO] [290/411] Neuland Laboratories (NEULAND.NS)
[2026-03-29 13:58:55 UTC] [ERROR]   ✘ FAILED in 1.7s: No valid company data found or empty dataframe.
[2026-03-29 13:58:56 UTC] [INFO] [291/411] Solara Active Pharma (SOLARA.NS)
[2026-03-29 13:59:13 UTC] [INFO]   ✔ Done in 68.9s
[2026-03-29 13:59:14 UTC] [INFO] [6/137] Cyient DLM (CYIENTDLM.NS)
[2026-03-29 14:00:23 UTC] [INFO]   ✔ Done in 98.7s
[2026-03-29 14:00:24 UTC] [INFO] [417/542] Bombay Dyeing (BOMBAYDYEING.NS)
[2026-03-29 14:00:27 UTC] [INFO]   ✔ Done in 91.2s
[2026-03-29 14:00:28 UTC] [ERROR]   ✘ FAILED in 3.7s: No valid company data found or empty dataframe.
[2026-03-29 14:00:28 UTC] [INFO] [292/411] Sequent Scientific (SEQUENT.NS)
[2026-03-29 14:00:28 UTC] [INFO]   ✔ Done in 98.6s
[2026-03-29 14:00:29 UTC] [INFO] [418/542] Siyaram Silk (SIYARAM.NS)
[2026-03-29 14:00:29 UTC] [INFO] [148/274] Paushak Limited (PAUSHAK.NS)
[2026-03-29 14:00:31 UTC] [ERROR]   ✘ FAILED in 3.1s: No valid company data found or empty dataframe.
[2026-03-29 14:00:32 UTC] [INFO] [293/411] Concord Biotech (CONCORDBIO.NS)
[2026-03-29 14:00:32 UTC] [ERROR]   ✘ FAILED in 3.1s: No valid company data found or empty dataframe.
[2026-03-29 14:00:33 UTC] [ERROR]   ✘ FAILED in 4.5s: No valid company data found or empty dataframe.
[2026-03-29 14:00:33 UTC] [INFO] [149/274] Fine Organics (FINEORG.NS)
[2026-03-29 14:00:34 UTC] [INFO] [419/542] RSWM Limited (RSWM.NS)
[2026-03-29 14:00:47 UTC] [INFO]   ✔ Done in 92.5s
[2026-03-29 14:00:48 UTC] [INFO] [7/137] Sancode Technologies (SANCODE.BO)
[2026-03-29 14:01:38 UTC] [INFO]   ✔ Done in 49.6s
[2026-03-29 14:01:39 UTC] [INFO] [8/137] Ace Integrated Solutions (ACEINTEG.BO)
[2026-03-29 14:01:39 UTC] [INFO]   ✔ Done in 66.5s
[2026-03-29 14:01:40 UTC] [INFO] [294/411] Innova Captab (NSE) (INNOVACAPNSE.NS)
[2026-03-29 14:01:42 UTC] [ERROR]   ✘ FAILED in 1.9s: No valid company data found or empty dataframe.
[2026-03-29 14:01:43 UTC] [INFO] [295/411] Gland Pharma (GLAND.NS)
[2026-03-29 14:01:43 UTC] [ERROR]   ✘ FAILED in 4.8s: No valid company data found or empty dataframe.
[2026-03-29 14:01:44 UTC] [INFO] [9/137] Droneacharya Aerial Innovations (DRONEACHARYA.BO)
[2026-03-29 14:01:45 UTC] [INFO]   ✔ Done in 71.0s
[2026-03-29 14:01:46 UTC] [INFO]   ✔ Done in 72.5s
[2026-03-29 14:01:46 UTC] [INFO] [420/542] Century Textiles (CENTURYTEX.NS)
[2026-03-29 14:01:47 UTC] [INFO] [150/274] Vinati Organics (VINATIORGA.NS)
[2026-03-29 14:01:49 UTC] [ERROR]   ✘ FAILED in 4.6s: No valid company data found or empty dataframe.
[2026-03-29 14:01:49 UTC] [ERROR]   ✘ FAILED in 3.2s: No valid company data found or empty dataframe.
[2026-03-29 14:01:50 UTC] [INFO] [10/137] CrayonData (CRAYON.BO)
[2026-03-29 14:01:50 UTC] [INFO] [421/542] Ambika Cotton Mills (AMBIKACO.NS)
[2026-03-29 14:01:53 UTC] [ERROR]   ✘ FAILED in 3.0s: No valid company data found or empty dataframe.
[2026-03-29 14:01:54 UTC] [ERROR]   ✘ FAILED in 3.2s: No valid company data found or empty dataframe.
[2026-03-29 14:01:54 UTC] [INFO] [11/137] Digikore Studios (DIGIKORE.BO)
[2026-03-29 14:01:55 UTC] [INFO] [422/542] Patspin India (PATSPIN.BO)
[2026-03-29 14:01:56 UTC] [ERROR]   ✘ FAILED in 1.2s: No valid company data found or empty dataframe.
[2026-03-29 14:01:57 UTC] [INFO] [423/542] S P Apparels (SPAL.NS)
[2026-03-29 14:01:57 UTC] [ERROR]   ✘ FAILED in 3.0s: No valid company data found or empty dataframe.
[2026-03-29 14:01:58 UTC] [INFO] [12/137] Trident Techlabs (TRIDENTTECH.BO)
[2026-03-29 14:02:01 UTC] [ERROR]   ✘ FAILED in 3.3s: No valid company data found or empty dataframe.
[2026-03-29 14:02:02 UTC] [INFO] [13/137] Rashi Peripherals (RASP.NS)
[2026-03-29 14:02:03 UTC] [ERROR]   ✘ FAILED in 0.8s: No valid company data found or empty dataframe.
[2026-03-29 14:02:04 UTC] [INFO] [14/137] Magson Retail (MAGSON.BO)
[2026-03-29 14:02:07 UTC] [ERROR]   ✘ FAILED in 2.9s: No valid company data found or empty dataframe.
[2026-03-29 14:02:08 UTC] [INFO] [15/137] Vinsys IT Services (VINSYS.BO)
[2026-03-29 14:02:11 UTC] [ERROR]   ✘ FAILED in 3.3s: No valid company data found or empty dataframe.
[2026-03-29 14:02:12 UTC] [INFO] [16/137] Emcure Pharmaceuticals (EMCURE.NS)
[2026-03-29 14:02:53 UTC] [INFO]   ✔ Done in 56.2s
[2026-03-29 14:02:53 UTC] [INFO]   ✔ Done in 70.6s
[2026-03-29 14:02:54 UTC] [INFO] [424/542] Pearl Global Industries (PGIL.NS)
[2026-03-29 14:02:54 UTC] [INFO] [296/411] Strides Pharma (STAR.NS)
[2026-03-29 14:03:01 UTC] [INFO]   ✔ Done in 73.9s
[2026-03-29 14:03:02 UTC] [INFO] [151/274] Aarti Industries (AARTIIND.NS)
[2026-03-29 14:03:05 UTC] [INFO]   ✔ Done in 52.5s
[2026-03-29 14:03:06 UTC] [INFO] [17/137] Yatharth Hospital & Trauma Care (YATHARTH.NS)
[2026-03-29 14:03:56 UTC] [INFO]   ✔ Done in 61.5s
[2026-03-29 14:03:57 UTC] [INFO] [425/542] Numero Uno Clothing (NUMERUNO.BO)
[2026-03-29 14:03:59 UTC] [ERROR]   ✘ FAILED in 2.8s: No valid company data found or empty dataframe.
[2026-03-29 14:04:00 UTC] [INFO] [426/542] Patel Extrusions (PATELEXT.BO)
[2026-03-29 14:04:03 UTC] [ERROR]   ✘ FAILED in 2.9s: No valid company data found or empty dataframe.
[2026-03-29 14:04:04 UTC] [INFO] [427/542] Roto Pumps (ROTOPUMPS.NS)
[2026-03-29 14:04:07 UTC] [ERROR]   ✘ FAILED in 2.8s: No valid company data found or empty dataframe.
[2026-03-29 14:04:08 UTC] [INFO] [428/542] EPL Limited (Essel Propack) (EPL.NS)
[2026-03-29 14:04:13 UTC] [INFO]   ✔ Done in 71.2s
[2026-03-29 14:04:13 UTC] [INFO]   ✔ Done in 67.3s
[2026-03-29 14:04:14 UTC] [INFO] [152/274] SRF Limited (SRF.NS)
[2026-03-29 14:04:14 UTC] [INFO] [18/137] Veeda Clinical Research (VEEDA.NS)
[2026-03-29 14:04:17 UTC] [ERROR]   ✘ FAILED in 2.8s: No valid company data found or empty dataframe.
[2026-03-29 14:04:18 UTC] [INFO] [19/137] Innova Captab (INNOVACAP.NS)
[2026-03-29 14:04:20 UTC] [INFO]   ✔ Done in 86.3s
[2026-03-29 14:04:21 UTC] [INFO] [297/411] Ceinsys Tech (CEINSYS.NS)
[2026-03-29 14:04:46 UTC] [INFO]   ✔ Done in 24.6s
[2026-03-29 14:04:47 UTC] [INFO] [298/411] MPS Limited (MPS.NS)
[2026-03-29 14:04:50 UTC] [ERROR]   ✘ FAILED in 2.5s: No valid company data found or empty dataframe.
[2026-03-29 14:04:51 UTC] [INFO] [299/411] Take Solutions (TAKE.NS)
[2026-03-29 14:05:11 UTC] [INFO]   ✔ Done in 53.5s
[2026-03-29 14:05:12 UTC] [INFO] [20/137] Sai MedTech (SAIMEDTECH.BO)
[2026-03-29 14:05:13 UTC] [INFO]   ✔ Done in 59.4s
[2026-03-29 14:05:14 UTC] [INFO] [153/274] Deepak Nitrite (DEEPAKNTR.NS)
[2026-03-29 14:05:15 UTC] [ERROR]   ✘ FAILED in 3.0s: No valid company data found or empty dataframe.
[2026-03-29 14:05:16 UTC] [INFO] [21/137] Pharmaids Pharmaceuticals (PHARMAIDS.BO)
[2026-03-29 14:05:17 UTC] [INFO]   ✔ Done in 69.3s
[2026-03-29 14:05:18 UTC] [INFO] [429/542] Sintex Industries (SINTEX.NS)
[2026-03-29 14:05:19 UTC] [ERROR]   ✘ FAILED in 3.0s: No valid company data found or empty dataframe.
[2026-03-29 14:05:20 UTC] [INFO] [22/137] Medi Assist Healthcare (MEDIASSIST.NS)
[2026-03-29 14:05:21 UTC] [ERROR]   ✘ FAILED in 2.9s: No valid company data found or empty dataframe.
[2026-03-29 14:05:22 UTC] [INFO] [430/542] TCPL Packaging (TCPLPACK.NS)
[2026-03-29 14:05:42 UTC] [INFO]   ✔ Done in 51.4s
[2026-03-29 14:05:43 UTC] [INFO] [300/411] Nucleus Software (NUCLEUSFTS.NS)
[2026-03-29 14:05:46 UTC] [ERROR]   ✘ FAILED in 2.8s: No valid company data found or empty dataframe.
[2026-03-29 14:05:47 UTC] [INFO] [301/411] Netsol Technologies (NETSOL.BO)
[2026-03-29 14:05:49 UTC] [ERROR]   ✘ FAILED in 1.9s: No valid company data found or empty dataframe.
[2026-03-29 14:05:50 UTC] [INFO] [302/411] Intellect Design Arena (INTELLECT.NS)
[2026-03-29 14:06:18 UTC] [INFO]   ✔ Done in 57.5s
[2026-03-29 14:06:18 UTC] [INFO]   ✔ Done in 63.8s
[2026-03-29 14:06:19 UTC] [INFO] [23/137] Benchmark Dental Products (BENCHMARK.BO)
[2026-03-29 14:06:19 UTC] [INFO] [154/274] Minda Corporation (MINDACORP.NS)
[2026-03-29 14:06:27 UTC] [INFO]   ✔ Done in 64.4s
[2026-03-29 14:06:28 UTC] [INFO] [431/542] Uflex Packaging (UFLEX2.BO)
[2026-03-29 14:06:29 UTC] [ERROR]   ✘ FAILED in 1.4s: No valid company data found or empty dataframe.
[2026-03-29 14:06:30 UTC] [INFO] [432/542] Jumbo Bag (JUMBOBAG.BO)
[2026-03-29 14:06:31 UTC] [ERROR]   ✘ FAILED in 1.4s: No valid company data found or empty dataframe.
[2026-03-29 14:06:32 UTC] [INFO] [433/542] Jay Ushin (JAYUSHIN.NS)
[2026-03-29 14:06:34 UTC] [ERROR]   ✘ FAILED in 1.3s: No valid company data found or empty dataframe.
[2026-03-29 14:06:35 UTC] [INFO] [434/542] CEAT Limited (CEAT.NS)
[2026-03-29 14:06:35 UTC] [ERROR]   ✘ FAILED in 0.4s: No valid company data found or empty dataframe.
[2026-03-29 14:06:36 UTC] [INFO] [435/542] Apollo Tyres (APOLLOTYRE.NS)
[2026-03-29 14:06:42 UTC] [INFO]   ✔ Done in 22.6s
[2026-03-29 14:06:43 UTC] [INFO] [24/137] Orion Biotech Opportunities (ORIONBIO.BO)
[2026-03-29 14:06:44 UTC] [ERROR]   ✘ FAILED in 1.5s: No valid company data found or empty dataframe.
[2026-03-29 14:06:45 UTC] [INFO] [25/137] Tatva Chintan Pharma Chem (TATVA.NS)
[2026-03-29 14:06:51 UTC] [INFO]   ✔ Done in 61.2s
[2026-03-29 14:06:52 UTC] [INFO] [303/411] RS Software (RSSOFTWARE.NS)
[2026-03-29 14:07:13 UTC] [INFO]   ✔ Done in 54.1s
[2026-03-29 14:07:14 UTC] [INFO] [155/274] Suprajit Engineering (SUPRAJIT.NS)
[2026-03-29 14:07:33 UTC] [INFO]   ✔ Done in 56.3s
[2026-03-29 14:07:34 UTC] [INFO] [436/542] Davalee Fashion (DAVALEE.BO)
[2026-03-29 14:07:35 UTC] [ERROR]   ✘ FAILED in 1.6s: No valid company data found or empty dataframe.
[2026-03-29 14:07:36 UTC] [INFO] [437/542] ANG Industries (ANGIND.BO)
[2026-03-29 14:07:38 UTC] [ERROR]   ✘ FAILED in 1.5s: No valid company data found or empty dataframe.
[2026-03-29 14:07:39 UTC] [INFO] [438/542] Incredible Industries (INCREDIB.BO)
[2026-03-29 14:07:40 UTC] [INFO]   ✔ Done in 55.1s
[2026-03-29 14:07:40 UTC] [ERROR]   ✘ FAILED in 1.6s: No valid company data found or empty dataframe.
[2026-03-29 14:07:41 UTC] [INFO] [26/137] Curefoods (CUREFOODS.BO)
[2026-03-29 14:07:41 UTC] [INFO] [439/542] Shardul Securities (SHARDULS.BO)
[2026-03-29 14:07:43 UTC] [ERROR]   ✘ FAILED in 1.6s: No valid company data found or empty dataframe.
[2026-03-29 14:07:43 UTC] [ERROR]   ✘ FAILED in 1.5s: No valid company data found or empty dataframe.
[2026-03-29 14:07:44 UTC] [INFO] [27/137] Vridhi Finserv Capital (VRIDHI.BO)
[2026-03-29 14:07:44 UTC] [INFO] [440/542] Genpro Engineering (GENPRO.BO)
[2026-03-29 14:07:45 UTC] [ERROR]   ✘ FAILED in 1.4s: No valid company data found or empty dataframe.
[2026-03-29 14:07:45 UTC] [ERROR]   ✘ FAILED in 1.5s: No valid company data found or empty dataframe.
[2026-03-29 14:07:46 UTC] [INFO] [28/137] Santhosh Laboratories (SANTHOSHL.BO)
[2026-03-29 14:07:46 UTC] [INFO] [441/542] Akshar Spintex (AKSHAR.BO)
[2026-03-29 14:07:48 UTC] [ERROR]   ✘ FAILED in 1.6s: No valid company data found or empty dataframe.
[2026-03-29 14:07:49 UTC] [INFO] [29/137] Suraksha Diagnostic (SURAKSHA.NS)
[2026-03-29 14:07:52 UTC] [INFO]   ✔ Done in 60.4s
[2026-03-29 14:07:53 UTC] [INFO] [304/411] Firstsource Solutions (FSL.NS)
[2026-03-29 14:08:16 UTC] [INFO]   ✔ Done in 61.2s
[2026-03-29 14:08:17 UTC] [INFO] [156/274] Rane Holdings (RANE.NS)
[2026-03-29 14:08:17 UTC] [ERROR]   ✘ FAILED in 0.5s: No valid company data found or empty dataframe.
[2026-03-29 14:08:18 UTC] [INFO] [157/274] Bharat Forge (BHARATFORG.NS)
[2026-03-29 14:08:33 UTC] [INFO]   ✔ Done in 44.0s
[2026-03-29 14:08:34 UTC] [INFO] [30/137] Lifeline Drugs (LIFELINE.BO)
[2026-03-29 14:08:35 UTC] [ERROR]   ✘ FAILED in 1.6s: No valid company data found or empty dataframe.
[2026-03-29 14:08:36 UTC] [INFO] [31/137] Globela Pharma (GLOBELA.BO)
[2026-03-29 14:08:38 UTC] [ERROR]   ✘ FAILED in 1.6s: No valid company data found or empty dataframe.
[2026-03-29 14:08:39 UTC] [INFO] [32/137] Abans Holdings (ABANS.NS)
[2026-03-29 14:08:41 UTC] [ERROR]   ✘ FAILED in 1.5s: No valid company data found or empty dataframe.
[2026-03-29 14:08:42 UTC] [INFO] [33/137] Muthoottu Mini Financiers (MUTHOOTM.NS)
[2026-03-29 14:08:43 UTC] [ERROR]   ✘ FAILED in 1.6s: No valid company data found or empty dataframe.
[2026-03-29 14:08:44 UTC] [INFO] [34/137] Aptus Value Housing Finance (APTUS.NS)
[2026-03-29 14:08:47 UTC] [INFO]   ✔ Done in 60.7s
[2026-03-29 14:08:48 UTC] [INFO] [442/542] Sai India (SAIINDIA.BO)
[2026-03-29 14:08:50 UTC] [ERROR]   ✘ FAILED in 1.6s: No valid company data found or empty dataframe.
[2026-03-29 14:08:51 UTC] [INFO] [443/542] Monarch Networth Capital (MONARCH.BO)
[2026-03-29 14:09:05 UTC] [INFO]   ✔ Done in 71.5s
[2026-03-29 14:09:06 UTC] [INFO] [305/411] Eclerx Services (ECLERX.NS)
[2026-03-29 14:09:13 UTC] [INFO]   ✔ Done in 55.3s
[2026-03-29 14:09:14 UTC] [INFO] [158/274] CIE Automotive India (CIEINDIA.NS)
[2026-03-29 14:09:38 UTC] [INFO]   ✔ Done in 53.6s
[2026-03-29 14:09:39 UTC] [INFO] [35/137] Jana Small Finance Bank (JANA.NS)
[2026-03-29 14:09:41 UTC] [ERROR]   ✘ FAILED in 2.6s: No valid company data found or empty dataframe.
[2026-03-29 14:09:42 UTC] [INFO] [36/137] Creditaccess Grameen (CREDITACC.NS)
[2026-03-29 14:09:52 UTC] [INFO]   ✔ Done in 61.0s
[2026-03-29 14:09:53 UTC] [INFO] [444/542] Jay Jalaram Enterprises (JAYJALARAM.BO)
[2026-03-29 14:09:54 UTC] [ERROR]   ✘ FAILED in 1.7s: No valid company data found or empty dataframe.
[2026-03-29 14:09:55 UTC] [INFO] [445/542] Veerhealth Care (VEERHEALTH.BO)
[2026-03-29 14:10:14 UTC] [INFO]   ✔ Done in 67.8s
[2026-03-29 14:10:15 UTC] [INFO]   ✔ Done in 60.1s
[2026-03-29 14:10:15 UTC] [INFO] [306/411] NIIT Learning (NIIT.NS)
[2026-03-29 14:10:15 UTC] [ERROR]   ✘ FAILED in 0.5s: No valid company data found or empty dataframe.
[2026-03-29 14:10:16 UTC] [INFO] [159/274] Wheels India (WHEELS.NS)
[2026-03-29 14:10:16 UTC] [INFO] [307/411] Zensar Technologies (ZENSARTECH.NS)
[2026-03-29 14:10:36 UTC] [INFO]   ✔ Done in 40.5s
[2026-03-29 14:10:37 UTC] [INFO] [446/542] Vikas EcoTech (VIKASECO.BO)
[2026-03-29 14:10:50 UTC] [INFO]   ✔ Done in 68.1s
[2026-03-29 14:10:51 UTC] [INFO] [37/137] Fusion Finance (FUSION.NS)
[2026-03-29 14:11:17 UTC] [INFO]   ✔ Done in 61.9s
[2026-03-29 14:11:18 UTC] [INFO] [160/274] Exide Industries (EXIDEIND.NS)
[2026-03-29 14:11:24 UTC] [INFO]   ✔ Done in 67.5s
[2026-03-29 14:11:25 UTC] [INFO] [308/411] Persistent Systems (PERSISTENT.NS)
[2026-03-29 14:11:37 UTC] [INFO]   ✔ Done in 60.1s
[2026-03-29 14:11:38 UTC] [INFO] [447/542] Master Trust (MASTERTRU.BO)
[2026-03-29 14:11:41 UTC] [ERROR]   ✘ FAILED in 2.8s: No valid company data found or empty dataframe.
[2026-03-29 14:11:42 UTC] [INFO] [448/542] Goldiam International (GOLDIAM.BO)
[2026-03-29 14:12:21 UTC] [INFO]   ✔ Done in 89.3s
[2026-03-29 14:12:22 UTC] [INFO] [38/137] Edelweiss Financial (EDELWEISS.NS)
[2026-03-29 14:12:44 UTC] [INFO]   ✔ Done in 79.4s
[2026-03-29 14:12:45 UTC] [INFO] [309/411] Mphasis (MPHASIS.NS)
[2026-03-29 14:12:46 UTC] [INFO]   ✔ Done in 87.8s
[2026-03-29 14:12:47 UTC] [INFO] [161/274] Amara Raja Energy (AMARAJAB.NS)
[2026-03-29 14:12:50 UTC] [ERROR]   ✘ FAILED in 2.9s: No valid company data found or empty dataframe.
[2026-03-29 14:12:51 UTC] [INFO] [162/274] Minda Industries (MINDAIND.NS)
[2026-03-29 14:12:54 UTC] [ERROR]   ✘ FAILED in 3.1s: No valid company data found or empty dataframe.
[2026-03-29 14:12:55 UTC] [INFO] [163/274] Sharda Motor Industries (SHARDAMOTR.NS)
[2026-03-29 14:13:12 UTC] [INFO]   ✔ Done in 90.1s
[2026-03-29 14:13:13 UTC] [INFO] [449/542] Goenka Diamond & Jewels (GOENKA.BO)
[2026-03-29 14:13:22 UTC] [INFO]   ✔ Done in 59.9s
[2026-03-29 14:13:23 UTC] [INFO] [39/137] Capital SFB (CAPITALSFB.NS)
[2026-03-29 14:13:48 UTC] [INFO]   ✔ Done in 63.5s
[2026-03-29 14:13:49 UTC] [INFO] [310/411] Hexaware Technologies (HEXAWARE.NS)
[2026-03-29 14:13:52 UTC] [ERROR]   ✘ FAILED in 2.8s: No valid company data found or empty dataframe.
[2026-03-29 14:13:53 UTC] [INFO] [311/411] Birlasoft (BSOFT.NS)
[2026-03-29 14:14:14 UTC] [INFO]   ✔ Done in 78.7s
[2026-03-29 14:14:15 UTC] [INFO] [164/274] Ramkrishna Forgings (RKFORGE.NS)
[2026-03-29 14:14:36 UTC] [INFO]   ✔ Done in 73.3s
[2026-03-29 14:14:37 UTC] [INFO] [40/137] Vridhi Fincorp (VRIDHI2.BO)
[2026-03-29 14:14:39 UTC] [ERROR]   ✘ FAILED in 2.5s: No valid company data found or empty dataframe.
[2026-03-29 14:14:40 UTC] [INFO] [41/137] Equitas Holdings (EQUITAS.NS)
[2026-03-29 14:14:43 UTC] [ERROR]   ✘ FAILED in 2.6s: No valid company data found or empty dataframe.
[2026-03-29 14:14:44 UTC] [INFO] [42/137] Samasta Microfinance (SAMASTA.BO)
[2026-03-29 14:14:47 UTC] [ERROR]   ✘ FAILED in 2.7s: No valid company data found or empty dataframe.
[2026-03-29 14:14:48 UTC] [INFO] [43/137] Suryoday Small Finance (SURYODAY.NS)
[2026-03-29 14:14:50 UTC] [INFO]   ✔ Done in 97.2s
[2026-03-29 14:14:51 UTC] [INFO] [450/542] GG Engineering (GGENG.BO)
[2026-03-29 14:15:41 UTC] [INFO]   ✔ Done in 107.5s
[2026-03-29 14:15:42 UTC] [INFO] [312/411] Mastek (MASTEK.NS)
[2026-03-29 14:15:50 UTC] [INFO]   ✔ Done in 95.3s
[2026-03-29 14:15:51 UTC] [INFO] [165/274] JBM Auto (JBMA.NS)
[2026-03-29 14:16:07 UTC] [INFO]   ✔ Done in 75.7s
[2026-03-29 14:16:08 UTC] [INFO] [451/542] Swastika Investmart (SWASTIKA.BO)
[2026-03-29 14:16:25 UTC] [INFO]   ✔ Done in 97.5s
[2026-03-29 14:16:26 UTC] [INFO] [44/137] Arman Financial Services (ARMANFIN.NS)
[2026-03-29 14:16:52 UTC] [INFO]   ✔ Done in 44.2s
[2026-03-29 14:16:53 UTC] [INFO] [452/542] Rishabh Instruments (RISHABH.BO)
[2026-03-29 14:17:10 UTC] [INFO]   ✔ Done in 88.5s
[2026-03-29 14:17:11 UTC] [INFO] [313/411] NIIT Technologies (NIITLTD.NS)
[2026-03-29 14:17:14 UTC] [INFO]   ✔ Done in 83.1s
[2026-03-29 14:17:15 UTC] [INFO] [166/274] Sona BLW Precision (SONACOMS.NS)
[2026-03-29 14:17:38 UTC] [INFO]   ✔ Done in 71.7s
[2026-03-29 14:17:39 UTC] [INFO] [45/137] Satin Creditcare Network (SATIN.NS)
[2026-03-29 14:18:22 UTC] [INFO]   ✔ Done in 89.0s
[2026-03-29 14:18:23 UTC] [INFO] [453/542] Focus Business Solutions (FOCUS.BO)
[2026-03-29 14:18:38 UTC] [INFO]   ✔ Done in 86.5s
[2026-03-29 14:18:39 UTC] [INFO] [314/411] Tata Elxsi (TATAELXSI.NS)
[2026-03-29 14:18:45 UTC] [INFO]   ✔ Done in 89.8s
[2026-03-29 14:18:46 UTC] [INFO] [167/274] Craftsman Automation (CRAFTSMAN.NS)
[2026-03-29 14:19:11 UTC] [INFO]   ✔ Done in 92.5s
[2026-03-29 14:19:12 UTC] [INFO] [46/137] Dvara KGFS (DVARA.BO)
[2026-03-29 14:19:15 UTC] [ERROR]   ✘ FAILED in 2.4s: No valid company data found or empty dataframe.
[2026-03-29 14:19:16 UTC] [INFO] [47/137] Azad Engineering (AZAD.NS)
[2026-03-29 14:19:39 UTC] [INFO]   ✔ Done in 75.9s
[2026-03-29 14:19:40 UTC] [INFO] [454/542] Cian Healthcare (CIAN.BO)
[2026-03-29 14:19:44 UTC] [ERROR]   ✘ FAILED in 3.8s: No valid company data found or empty dataframe.
[2026-03-29 14:19:45 UTC] [INFO] [455/542] Aakash Educational Services (AAKASH.BO)
[2026-03-29 14:19:48 UTC] [ERROR]   ✘ FAILED in 3.3s: No valid company data found or empty dataframe.
[2026-03-29 14:19:49 UTC] [INFO] [456/542] Satia Industries (SATIA.BO)
[2026-03-29 14:20:09 UTC] [INFO]   ✔ Done in 82.6s
[2026-03-29 14:20:10 UTC] [INFO] [168/274] Maxposure (MAXPOSURE.BO)
[2026-03-29 14:20:11 UTC] [INFO]   ✔ Done in 91.9s
[2026-03-29 14:20:12 UTC] [INFO] [315/411] L&T Technology Services (LTTS.NS)
[2026-03-29 14:20:13 UTC] [ERROR]   ✘ FAILED in 3.0s: No valid company data found or empty dataframe.
[2026-03-29 14:20:14 UTC] [INFO] [169/274] UFO Moviez (UFOMOVIZ.NS)
[2026-03-29 14:20:17 UTC] [ERROR]   ✘ FAILED in 2.8s: No valid company data found or empty dataframe.
[2026-03-29 14:20:18 UTC] [INFO] [170/274] Nazara Technologies (NAZARA.NS)
[2026-03-29 14:20:30 UTC] [INFO]   ✔ Done in 74.6s
[2026-03-29 14:20:31 UTC] [INFO] [48/137] Harsha Engineers International (HARSHA.NS)
[2026-03-29 14:21:13 UTC] [INFO]   ✔ Done in 83.7s
[2026-03-29 14:21:14 UTC] [INFO] [457/542] Mahindra EPC Irrigation (MAHINDRAPC.BO)
[2026-03-29 14:21:16 UTC] [ERROR]   ✘ FAILED in 2.6s: No valid company data found or empty dataframe.
[2026-03-29 14:21:17 UTC] [INFO] [458/542] Sarthak Metals (SARTHAKMTL.BO)
[2026-03-29 14:21:20 UTC] [ERROR]   ✘ FAILED in 2.6s: No valid company data found or empty dataframe.
[2026-03-29 14:21:21 UTC] [INFO] [459/542] Kotyark Industries (KOTYARK.BO)
[2026-03-29 14:21:34 UTC] [INFO]   ✔ Done in 82.1s
[2026-03-29 14:21:35 UTC] [INFO] [316/411] Happiest Minds (HAPPSTMNDS.NS)
[2026-03-29 14:21:44 UTC] [INFO]   ✔ Done in 86.5s
[2026-03-29 14:21:45 UTC] [INFO] [171/274] Saregama India (SAREGAMA.NS)
[2026-03-29 14:21:49 UTC] [INFO]   ✔ Done in 77.6s
[2026-03-29 14:21:50 UTC] [INFO] [49/137] Bondada Engineering (BONDADA.NS)
[2026-03-29 14:21:52 UTC] [INFO]   ✔ Done in 30.6s
[2026-03-29 14:21:53 UTC] [ERROR]   ✘ FAILED in 2.5s: No valid company data found or empty dataframe.
[2026-03-29 14:21:53 UTC] [INFO] [460/542] Sagar Cements (SAGCEM.NS)
[2026-03-29 14:21:54 UTC] [INFO] [50/137] Rajputana Industries (RAJPUTANA.BO)
[2026-03-29 14:23:08 UTC] [INFO]   ✔ Done in 93.2s
[2026-03-29 14:23:09 UTC] [INFO]   ✔ Done in 75.2s
[2026-03-29 14:23:09 UTC] [INFO] [317/411] Route Mobile (ROUTE.NS)
[2026-03-29 14:23:10 UTC] [INFO]   ✔ Done in 84.5s
[2026-03-29 14:23:10 UTC] [INFO] [51/137] Synergy Green Industries (SYNERGYGR.BO)
[2026-03-29 14:23:11 UTC] [INFO] [172/274] Shemaroo Entertainment (SHEMAROO.NS)
[2026-03-29 14:23:11 UTC] [ERROR]   ✘ FAILED in 1.5s: No valid company data found or empty dataframe.
[2026-03-29 14:23:11 UTC] [INFO]   ✔ Done in 78.6s
[2026-03-29 14:23:12 UTC] [INFO] [52/137] Vision Infra Equipment Solutions (VISIONINFR.BO)
[2026-03-29 14:23:12 UTC] [INFO] [461/542] Orient Cement (ORIENTCEM.NS)
[2026-03-29 14:23:14 UTC] [ERROR]   ✘ FAILED in 1.6s: No valid company data found or empty dataframe.
[2026-03-29 14:23:15 UTC] [INFO] [53/137] PLG Power (PLGPOWER.BO)
[2026-03-29 14:23:17 UTC] [ERROR]   ✘ FAILED in 1.8s: No valid company data found or empty dataframe.
[2026-03-29 14:23:18 UTC] [INFO] [54/137] Concord Control Systems (CONCORD.BO)
[2026-03-29 14:24:06 UTC] [INFO]   ✔ Done in 48.7s
[2026-03-29 14:24:07 UTC] [INFO] [55/137] Gensol Engineering (GENSOL.NS)
[2026-03-29 14:24:30 UTC] [INFO]   ✔ Done in 81.2s
[2026-03-29 14:24:31 UTC] [INFO] [318/411] Tanla Platforms (TANLA.NS)
[2026-03-29 14:24:33 UTC] [INFO]   ✔ Done in 81.0s
[2026-03-29 14:24:34 UTC] [INFO] [462/542] Udaipur Cement Works (UDAICEMEN.NS)
[2026-03-29 14:24:36 UTC] [ERROR]   ✘ FAILED in 2.0s: No valid company data found or empty dataframe.
[2026-03-29 14:24:37 UTC] [INFO] [463/542] Penna Cement (PENNACEM.BO)
[2026-03-29 14:24:38 UTC] [INFO]   ✔ Done in 86.9s
[2026-03-29 14:24:39 UTC] [INFO] [173/274] Tips Industries (TIPS.NS)
[2026-03-29 14:24:39 UTC] [ERROR]   ✘ FAILED in 0.5s: No valid company data found or empty dataframe.
[2026-03-29 14:24:39 UTC] [ERROR]   ✘ FAILED in 2.1s: No valid company data found or empty dataframe.
[2026-03-29 14:24:40 UTC] [INFO] [174/274] PVR Inox (PVRINOX.NS)
[2026-03-29 14:24:40 UTC] [INFO] [464/542] Anjani Portland Cement (ANJANIPOR.BO)
[2026-03-29 14:24:43 UTC] [ERROR]   ✘ FAILED in 2.5s: No valid company data found or empty dataframe.
[2026-03-29 14:24:44 UTC] [INFO] [465/542] NG Industries (NGIND.BO)
[2026-03-29 14:25:36 UTC] [INFO]   ✔ Done in 88.1s
[2026-03-29 14:25:37 UTC] [INFO] [56/137] Krsnaa Diagnostics (KRSNAA.NS)
[2026-03-29 14:25:48 UTC] [INFO]   ✔ Done in 64.5s
[2026-03-29 14:25:49 UTC] [INFO] [466/542] Super Tannery (SUPERTANN.BO)
[2026-03-29 14:25:53 UTC] [ERROR]   ✘ FAILED in 3.7s: No valid company data found or empty dataframe.
[2026-03-29 14:25:54 UTC] [INFO] [467/542] Bombay Super Hybrid Seeds (BSHYBRID.BO)
[2026-03-29 14:25:57 UTC] [ERROR]   ✘ FAILED in 3.0s: No valid company data found or empty dataframe.
[2026-03-29 14:25:58 UTC] [INFO] [468/542] Nav India Finserv (NAVINDIAFS.BO)
[2026-03-29 14:26:02 UTC] [ERROR]   ✘ FAILED in 3.6s: No valid company data found or empty dataframe.
[2026-03-29 14:26:03 UTC] [INFO] [469/542] Saakshi Medtech (SAAKSHIMD.BO)
[2026-03-29 14:26:06 UTC] [ERROR]   ✘ FAILED in 3.0s: No valid company data found or empty dataframe.
[2026-03-29 14:26:07 UTC] [INFO] [470/542] Visco Trading (VISCOTRAD.BO)
[2026-03-29 14:26:09 UTC] [INFO]   ✔ Done in 98.3s
[2026-03-29 14:26:10 UTC] [ERROR]   ✘ FAILED in 3.0s: No valid company data found or empty dataframe.
[2026-03-29 14:26:10 UTC] [INFO] [319/411] Indiamart Intermesh (INDIAMART.NS)
[2026-03-29 14:26:11 UTC] [INFO] [471/542] Hi-Tech Pipes (HITECHPIPE.NS)
[2026-03-29 14:26:14 UTC] [ERROR]   ✘ FAILED in 3.3s: No valid company data found or empty dataframe.
[2026-03-29 14:26:15 UTC] [INFO] [472/542] Sarda Energy & Minerals (SARDAEN.NS)
[2026-03-29 14:26:16 UTC] [INFO]   ✔ Done in 95.8s
[2026-03-29 14:26:17 UTC] [INFO] [175/274] Inox Leisure (INOXLEISUR.NS)
[2026-03-29 14:26:20 UTC] [ERROR]   ✘ FAILED in 3.2s: No valid company data found or empty dataframe.
[2026-03-29 14:26:21 UTC] [INFO] [176/274] Zee Entertainment (ZEEL.NS)
[2026-03-29 14:27:18 UTC] [INFO]   ✔ Done in 101.0s
[2026-03-29 14:27:19 UTC] [INFO] [57/137] Salasar Techno Engineering (SALASAR.NS)
[2026-03-29 14:27:39 UTC] [INFO]   ✔ Done in 83.6s
[2026-03-29 14:27:40 UTC] [INFO] [473/542] Sunflag Iron & Steel (SUNFLAG.NS)
[2026-03-29 14:27:42 UTC] [INFO]   ✔ Done in 80.8s
[2026-03-29 14:27:42 UTC] [INFO]   ✔ Done in 91.5s
[2026-03-29 14:27:43 UTC] [INFO] [177/274] Updater Services (UDS) (UDS.NS)
[2026-03-29 14:27:43 UTC] [INFO] [320/411] TradeIndia (Infocom Network) (TRADEINDIA.BO)
[2026-03-29 14:27:45 UTC] [ERROR]   ✘ FAILED in 1.9s: No valid company data found or empty dataframe.
[2026-03-29 14:27:46 UTC] [INFO] [321/411] Affle India (AFFLE.NS)
[2026-03-29 14:28:56 UTC] [INFO]   ✔ Done in 97.6s
[2026-03-29 14:28:57 UTC] [INFO] [58/137] PG Electroplast (PGEL.NS)
[2026-03-29 14:29:12 UTC] [INFO]   ✔ Done in 88.8s
[2026-03-29 14:29:13 UTC] [INFO] [178/274] Mahindra Logistics (MAHLOG.NS)
[2026-03-29 14:29:16 UTC] [INFO]   ✔ Done in 96.4s
[2026-03-29 14:29:17 UTC] [INFO] [474/542] Usha Martin (USHAMART.NS)
[2026-03-29 14:29:22 UTC] [INFO]   ✔ Done in 96.2s
[2026-03-29 14:29:23 UTC] [INFO] [322/411] Dr Lal Pathlabs (LALPATHLAB.NS)
[2026-03-29 14:30:47 UTC] [INFO]   ✔ Done in 109.9s
[2026-03-29 14:30:48 UTC] [INFO] [59/137] SEPC Limited (SEPC.NS)
[2026-03-29 14:31:06 UTC] [INFO]   ✔ Done in 113.4s
[2026-03-29 14:31:07 UTC] [INFO] [179/274] Allcargo Logistics (ALLCARGO.NS)
[2026-03-29 14:31:12 UTC] [INFO]   ✔ Done in 109.3s
[2026-03-29 14:31:12 UTC] [INFO]   ✔ Done in 115.2s
[2026-03-29 14:31:13 UTC] [INFO] [323/411] Metropolis Healthcare (METROPOLIS.NS)
[2026-03-29 14:31:13 UTC] [INFO] [475/542] Sumedha Fiscal Services (SUMEDHA.BO)
[2026-03-29 14:32:12 UTC] [INFO]   ✔ Done in 58.4s
[2026-03-29 14:32:13 UTC] [INFO] [476/542] Kesar India (KESARINDIA.BO)
[2026-03-29 14:32:19 UTC] [ERROR]   ✘ FAILED in 5.7s: No valid company data found or empty dataframe.
[2026-03-29 14:32:20 UTC] [INFO] [477/542] Ravi Kumar Distilleries (RAVIKUMAR.BO)
[2026-03-29 14:32:22 UTC] [INFO]   ✔ Done in 94.4s
[2026-03-29 14:32:23 UTC] [INFO] [60/137] Technocraft Industries (TECHNOCRAFT.NS)
[2026-03-29 14:32:24 UTC] [ERROR]   ✘ FAILED in 4.2s: No valid company data found or empty dataframe.
[2026-03-29 14:32:25 UTC] [INFO] [478/542] Khyati Global Ventures (KHYATI.BO)
[2026-03-29 14:32:27 UTC] [ERROR]   ✘ FAILED in 3.7s: No valid company data found or empty dataframe.
[2026-03-29 14:32:28 UTC] [INFO] [61/137] Pennar Industries (PENNAR.NS)
[2026-03-29 14:32:32 UTC] [ERROR]   ✘ FAILED in 3.9s: No valid company data found or empty dataframe.
[2026-03-29 14:32:33 UTC] [INFO] [62/137] Shakti Pumps (SHAKTIPUMP.NS)
[2026-03-29 14:32:34 UTC] [INFO]   ✔ Done in 86.9s
[2026-03-29 14:32:35 UTC] [INFO] [180/274] TCI Express (TCIEXP.NS)
[2026-03-29 14:32:42 UTC] [INFO]   ✔ Done in 88.8s
[2026-03-29 14:32:43 UTC] [INFO] [324/411] Thyrocare (THYROCARE.NS)
[2026-03-29 14:33:33 UTC] [INFO]   ✔ Done in 68.0s
[2026-03-29 14:33:34 UTC] [INFO] [479/542] Tirupati Starch & Chemicals (TIRUSTARCH.BO)
[2026-03-29 14:33:38 UTC] [ERROR]   ✘ FAILED in 3.9s: No valid company data found or empty dataframe.
[2026-03-29 14:33:39 UTC] [INFO] [480/542] Dharni Sugars (DHARNISUG.BO)
[2026-03-29 14:33:42 UTC] [ERROR]   ✘ FAILED in 3.2s: No valid company data found or empty dataframe.
[2026-03-29 14:33:43 UTC] [INFO] [481/542] Garg Furnace (GARGFUR.BO)
[2026-03-29 14:34:19 UTC] [INFO]   ✔ Done in 105.5s
[2026-03-29 14:34:20 UTC] [INFO] [63/137] Precision Camshafts (PRECAM.NS)
[2026-03-29 14:34:21 UTC] [INFO]   ✔ Done in 105.7s
[2026-03-29 14:34:22 UTC] [INFO] [181/274] Gati Limited (GATI.NS)
[2026-03-29 14:34:24 UTC] [ERROR]   ✘ FAILED in 2.8s: No valid company data found or empty dataframe.
[2026-03-29 14:34:25 UTC] [INFO] [182/274] VRL Logistics (VRLLOG.NS)
[2026-03-29 14:34:45 UTC] [INFO]   ✔ Done in 121.9s
[2026-03-29 14:34:46 UTC] [INFO]   ✔ Done in 62.9s
[2026-03-29 14:34:46 UTC] [INFO] [325/411] Healthium Medtech (HEALTHIUM.NS)
[2026-03-29 14:34:47 UTC] [INFO] [482/542] Pal Mohan Castings (PALMOHAN.BO)
[2026-03-29 14:34:49 UTC] [ERROR]   ✘ FAILED in 2.9s: No valid company data found or empty dataframe.
[2026-03-29 14:34:50 UTC] [INFO] [326/411] Poly Medicure (POLYMED.NS)
[2026-03-29 14:34:50 UTC] [ERROR]   ✘ FAILED in 3.2s: No valid company data found or empty dataframe.
[2026-03-29 14:34:51 UTC] [INFO] [483/542] Commercial Engineers (COMMERCEN.NS)
[2026-03-29 14:34:53 UTC] [ERROR]   ✘ FAILED in 2.3s: No valid company data found or empty dataframe.
[2026-03-29 14:34:54 UTC] [INFO] [484/542] Sarveshwar Foods (SARVESHWAR.NS)
[2026-03-29 14:36:08 UTC] [INFO]   ✔ Done in 108.4s
[2026-03-29 14:36:09 UTC] [INFO] [64/137] KPI Green Energy (KPIGREEN.NS)
[2026-03-29 14:36:16 UTC] [INFO]   ✔ Done in 110.9s
[2026-03-29 14:36:17 UTC] [INFO] [183/274] Delhivery (DELHIVERY.NS)
[2026-03-29 14:36:29 UTC] [INFO]   ✔ Done in 94.9s
[2026-03-29 14:36:29 UTC] [INFO]   ✔ Done in 99.2s
[2026-03-29 14:36:30 UTC] [INFO] [485/542] LT Foods (LTFOODS.NS)
[2026-03-29 14:36:30 UTC] [INFO] [327/411] Nile Surgicals (NILE.BO)
[2026-03-29 14:37:37 UTC] [INFO]   ✔ Done in 66.6s
[2026-03-29 14:37:38 UTC] [INFO] [328/411] Sutures India (SUTURESINDIA.BO)
[2026-03-29 14:37:42 UTC] [ERROR]   ✘ FAILED in 4.8s: No valid company data found or empty dataframe.
[2026-03-29 14:37:43 UTC] [INFO] [329/411] Shree Ram Surgical (SHREERAMS.BO)
[2026-03-29 14:37:46 UTC] [INFO]   ✔ Done in 97.4s
[2026-03-29 14:37:47 UTC] [INFO] [65/137] Shyam Metalics (SHYAMMET.NS)
[2026-03-29 14:37:49 UTC] [ERROR]   ✘ FAILED in 5.4s: No valid company data found or empty dataframe.
[2026-03-29 14:37:50 UTC] [INFO] [330/411] Gufic Biosciences (GUFICBIO.NS)
[2026-03-29 14:37:52 UTC] [ERROR]   ✘ FAILED in 4.5s: No valid company data found or empty dataframe.
[2026-03-29 14:37:53 UTC] [INFO] [66/137] Utkarsh Small Finance (UTKARSHSFB.NS)
[2026-03-29 14:37:57 UTC] [ERROR]   ✘ FAILED in 3.7s: No valid company data found or empty dataframe.
[2026-03-29 14:37:58 UTC] [INFO] [67/137] Signature Global India (SIGNATURE.NS)
[2026-03-29 14:37:58 UTC] [INFO]   ✔ Done in 100.7s
[2026-03-29 14:37:59 UTC] [INFO] [184/274] Xpressbees (XPRESSBEE.BO)
[2026-03-29 14:38:03 UTC] [ERROR]   ✘ FAILED in 4.3s: No valid company data found or empty dataframe.
[2026-03-29 14:38:04 UTC] [INFO]   ✔ Done in 93.8s
[2026-03-29 14:38:04 UTC] [INFO] [185/274] Om Logistics (OMLOG.BO)
[2026-03-29 14:38:05 UTC] [INFO] [486/542] KRBL Limited (KRBL.NS)
[2026-03-29 14:38:08 UTC] [ERROR]   ✘ FAILED in 3.9s: No valid company data found or empty dataframe.
[2026-03-29 14:38:09 UTC] [INFO] [186/274] Snowman Logistics (SNOWMAN.NS)
[2026-03-29 14:39:37 UTC] [INFO]   ✔ Done in 99.5s
[2026-03-29 14:39:38 UTC] [INFO] [68/137] Indiqube Spaces (INDIQUBE.NS)
[2026-03-29 14:39:44 UTC] [INFO]   ✔ Done in 113.6s
[2026-03-29 14:39:45 UTC] [INFO] [331/411] Hester Biosciences (HESTERBIO.NS)
[2026-03-29 14:40:08 UTC] [INFO]   ✔ Done in 122.7s
[2026-03-29 14:40:09 UTC] [INFO] [487/542] Chambal Fertilizers (CHAMBLFERT.NS)
[2026-03-29 14:40:10 UTC] [INFO]   ✔ Done in 120.5s
[2026-03-29 14:40:11 UTC] [INFO] [187/274] Gopal Snacks (Gujarat) (GOPAL2.BO)
[2026-03-29 14:40:15 UTC] [ERROR]   ✘ FAILED in 4.2s: No valid company data found or empty dataframe.
[2026-03-29 14:40:16 UTC] [INFO] [188/274] Mahindra AgriSolutions (MAHAGRI.BO)
[2026-03-29 14:40:21 UTC] [ERROR]   ✘ FAILED in 5.4s: No valid company data found or empty dataframe.
[2026-03-29 14:40:22 UTC] [INFO] [189/274] Rajshree Sugars (RAJSHREESUG.NS)
[2026-03-29 14:40:29 UTC] [ERROR]   ✘ FAILED in 6.6s: No valid company data found or empty dataframe.
[2026-03-29 14:40:30 UTC] [INFO] [190/274] Balrampur Chini (BALRAMCHIN.NS)
[2026-03-29 14:40:46 UTC] [INFO]   ✔ Done in 68.2s
[2026-03-29 14:40:47 UTC] [INFO] [69/137] Suratwwala Business Group (SURATB.BO)
[2026-03-29 14:40:51 UTC] [ERROR]   ✘ FAILED in 3.5s: No valid company data found or empty dataframe.
[2026-03-29 14:40:52 UTC] [INFO] [70/137] Rishi Laser (RISHILASER.BO)
[2026-03-29 14:40:55 UTC] [ERROR]   ✘ FAILED in 3.3s: No valid company data found or empty dataframe.
[2026-03-29 14:40:56 UTC] [INFO] [71/137] Mahindra Lifespace Dev (MAHLIFE.NS)
[2026-03-29 14:41:42 UTC] [INFO]   ✔ Done in 117.2s
[2026-03-29 14:41:43 UTC] [INFO] [332/411] Indian Immunologicals (INDIANIMM.BO)
[2026-03-29 14:41:50 UTC] [ERROR]   ✘ FAILED in 7.7s: No valid company data found or empty dataframe.
[2026-03-29 14:41:51 UTC] [INFO] [333/411] Windlas Biotech (WINDLAS.NS)
[2026-03-29 14:42:36 UTC] [INFO]   ✔ Done in 125.7s
[2026-03-29 14:42:37 UTC] [INFO] [191/274] Avanti Feeds (AVANTIFEED.NS)
[2026-03-29 14:42:38 UTC] [INFO]   ✔ Done in 149.5s
[2026-03-29 14:42:39 UTC] [INFO] [488/542] Deepak Fertilizers (DEEPAKFERT.NS)
[2026-03-29 14:43:06 UTC] [INFO]   ✔ Done in 130.4s
[2026-03-29 14:43:07 UTC] [INFO] [72/137] Keystone Realtors (KEYSTONE.NS)
[2026-03-29 14:43:14 UTC] [ERROR]   ✘ FAILED in 6.7s: No valid company data found or empty dataframe.
[2026-03-29 14:43:15 UTC] [INFO] [73/137] Landmark Cars (LANDMARK.NS)
[2026-03-29 14:44:22 UTC] [INFO]   ✔ Done in 150.4s
[2026-03-29 14:44:23 UTC] [INFO] [334/411] Medplus Health Services (MEDPLUS.NS)
[2026-03-29 14:45:11 UTC] [INFO]   ✔ Done in 154.1s
[2026-03-29 14:45:12 UTC] [INFO] [192/274] Godrej Agrovet (GODREJAGROVET.NS)
[2026-03-29 14:45:17 UTC] [ERROR]   ✘ FAILED in 4.9s: No valid company data found or empty dataframe.
[2026-03-29 14:45:17 UTC] [INFO]   ✔ Done in 158.3s
[2026-03-29 14:45:18 UTC] [INFO] [193/274] Kaveri Seed Company (KSCL.NS)
[2026-03-29 14:45:18 UTC] [INFO] [489/542] Coromandel International (COROMANDEL.NS)
[2026-03-29 14:45:48 UTC] [INFO]   ✔ Done in 153.1s
[2026-03-29 14:45:49 UTC] [INFO] [74/137] Vishal Fabrics (VISHALFL.BO)
[2026-03-29 14:45:55 UTC] [ERROR]   ✘ FAILED in 5.6s: No valid company data found or empty dataframe.
[2026-03-29 14:45:56 UTC] [INFO] [75/137] Arkade Developers (ARKADE.BO)
[2026-03-29 14:46:45 UTC] [INFO]   ✔ Done in 141.9s
[2026-03-29 14:46:46 UTC] [INFO] [335/411] Wellness Forever (WELLNES.BO)
[2026-03-29 14:46:50 UTC] [ERROR]   ✘ FAILED in 4.2s: No valid company data found or empty dataframe.
[2026-03-29 14:46:51 UTC] [INFO] [336/411] Aspire Medico Surgical (ASPIREMD.BO)
[2026-03-29 14:46:55 UTC] [ERROR]   ✘ FAILED in 4.1s: No valid company data found or empty dataframe.
[2026-03-29 14:46:56 UTC] [INFO] [337/411] Paisabazaar (PB Fintech) (PBFINTECH.NS)
[2026-03-29 14:47:08 UTC] [ERROR]   ✘ FAILED in 12.4s: No valid company data found or empty dataframe.
[2026-03-29 14:47:09 UTC] [INFO] [338/411] Nuvama Wealth (NUVAMA.NS)
[2026-03-29 14:47:28 UTC] [INFO]   ✔ Done in 91.7s
[2026-03-29 14:47:28 UTC] [INFO]   ✔ Done in 129.3s
[2026-03-29 14:47:28 UTC] [INFO]   ✔ Done in 130.1s
[2026-03-29 14:47:29 UTC] [INFO] [76/137] Sai Silks (SAISILKS.NS)
[2026-03-29 14:47:29 UTC] [INFO] [490/542] Tata Chemicals (TATACHEM.NS)
[2026-03-29 14:47:29 UTC] [INFO] [194/274] PI Industries (PIIND.NS)
[2026-03-29 14:47:32 UTC] [ERROR]   ✘ FAILED in 3.3s: No valid company data found or empty dataframe.
[2026-03-29 14:47:33 UTC] [INFO] [77/137] Shriram Properties (SHRIRAMPPS.NS)
[2026-03-29 14:48:39 UTC] [INFO]   ✔ Done in 89.8s
[2026-03-29 14:48:40 UTC] [INFO] [339/411] 360 One WAM (360ONE.NS)
[2026-03-29 14:49:02 UTC] [INFO]   ✔ Done in 93.7s
[2026-03-29 14:49:02 UTC] [INFO]   ✔ Done in 93.7s
[2026-03-29 14:49:03 UTC] [INFO] [491/542] GHCL Limited (GHCL.NS)
[2026-03-29 14:49:03 UTC] [INFO] [195/274] Rallis India (RALLIS.NS)
[2026-03-29 14:49:21 UTC] [INFO]   ✔ Done in 108.3s
[2026-03-29 14:49:22 UTC] [INFO] [78/137] Kolte-Patil Developers (KOLTEPATIL.NS)
[2026-03-29 14:50:35 UTC] [INFO]   ✔ Done in 115.1s
[2026-03-29 14:50:36 UTC] [INFO] [340/411] Anand Rathi Wealth (ANANDRATHI.NS)
[2026-03-29 14:51:02 UTC] [INFO]   ✔ Done in 119.0s
[2026-03-29 14:51:03 UTC] [INFO]   ✔ Done in 119.9s
[2026-03-29 14:51:03 UTC] [INFO] [492/542] Nirma Limited (NIRMA.BO)
[2026-03-29 14:51:04 UTC] [INFO] [196/274] NCC Limited (NCC.NS)
[2026-03-29 14:51:04 UTC] [ERROR]   ✘ FAILED in 1.1s: No valid company data found or empty dataframe.
[2026-03-29 14:51:05 UTC] [INFO] [493/542] Kama Kaze D2c Brand (KAMAKAZE.BO)
[2026-03-29 14:51:09 UTC] [ERROR]   ✘ FAILED in 3.5s: No valid company data found or empty dataframe.
[2026-03-29 14:51:10 UTC] [INFO] [494/542] Orange Retail Finance (ORANGERETL.BO)
[2026-03-29 14:51:13 UTC] [ERROR]   ✘ FAILED in 3.5s: No valid company data found or empty dataframe.
[2026-03-29 14:51:14 UTC] [INFO] [495/542] Tata Advanced Materials (TATAADV.BO)
[2026-03-29 14:51:19 UTC] [ERROR]   ✘ FAILED in 4.3s: No valid company data found or empty dataframe.
[2026-03-29 14:51:20 UTC] [INFO] [496/542] Unison Hotels (UNISONHOTL.BO)
[2026-03-29 14:51:22 UTC] [INFO]   ✔ Done in 119.7s
[2026-03-29 14:51:23 UTC] [INFO] [79/137] Suraj Estate Developers (SURAJ.BO)
[2026-03-29 14:51:23 UTC] [ERROR]   ✘ FAILED in 3.6s: No valid company data found or empty dataframe.
[2026-03-29 14:51:24 UTC] [INFO] [497/542] Samarth Rocks (SAMARTH.BO)
[2026-03-29 14:51:28 UTC] [ERROR]   ✘ FAILED in 4.1s: No valid company data found or empty dataframe.
[2026-03-29 14:51:29 UTC] [INFO] [498/542] Kapilansh Dhatu Udyog (KAPILANSH.BO)
[2026-03-29 14:51:33 UTC] [ERROR]   ✘ FAILED in 3.6s: No valid company data found or empty dataframe.
[2026-03-29 14:51:34 UTC] [INFO] [499/542] Polson Limited (POLSON.BO)
[2026-03-29 14:52:15 UTC] [INFO]   ✔ Done in 98.9s
[2026-03-29 14:52:16 UTC] [INFO] [341/411] IIFL Finance (IIFL.NS)
[2026-03-29 14:52:41 UTC] [INFO]   ✔ Done in 66.9s
[2026-03-29 14:52:42 UTC] [INFO] [500/542] Surbhi Chemicals (SURBHICEM.BO)
[2026-03-29 14:52:45 UTC] [INFO]   ✔ Done in 100.8s
[2026-03-29 14:52:46 UTC] [INFO] [197/274] KNR Constructions (KNRCON.NS)
[2026-03-29 14:52:46 UTC] [ERROR]   ✘ FAILED in 4.4s: No valid company data found or empty dataframe.
[2026-03-29 14:52:47 UTC] [INFO] [501/542] Arfin India (ARFIN.BO)
[2026-03-29 14:53:11 UTC] [INFO]   ✔ Done in 107.6s
[2026-03-29 14:53:12 UTC] [INFO] [80/137] Eldeco Housing (ELDECO.BO)
[2026-03-29 14:53:14 UTC] [ERROR]   ✘ FAILED in 2.7s: No valid company data found or empty dataframe.
[2026-03-29 14:53:15 UTC] [INFO] [81/137] Ganesh Housing (GANESHHOUC.NS)
[2026-03-29 14:53:19 UTC] [ERROR]   ✘ FAILED in 3.4s: No valid company data found or empty dataframe.
[2026-03-29 14:53:20 UTC] [INFO] [82/137] Deep Industries (DEEPINDS.NS)
[2026-03-29 14:54:09 UTC] [INFO]   ✔ Done in 112.4s
[2026-03-29 14:54:10 UTC] [INFO] [342/411] Ugro Capital (UGROCAP.NS)
[2026-03-29 14:54:21 UTC] [INFO]   ✔ Done in 93.9s
[2026-03-29 14:54:22 UTC] [INFO] [502/542] Venus Pipes & Tubes (VENUSPIPES.NS)
[2026-03-29 14:54:28 UTC] [INFO]   ✔ Done in 102.0s
[2026-03-29 14:54:29 UTC] [INFO] [198/274] HG Infra Engineering (HGINFRA.NS)
[2026-03-29 14:55:12 UTC] [INFO]   ✔ Done in 112.7s
[2026-03-29 14:55:13 UTC] [INFO] [83/137] Waaree Renewable Technologies (WAAREENR.NS)
[2026-03-29 14:55:17 UTC] [ERROR]   ✘ FAILED in 3.6s: No valid company data found or empty dataframe.
[2026-03-29 14:55:18 UTC] [INFO] [84/137] Solarium Green Energy (SOLARISGR.BO)
[2026-03-29 14:55:22 UTC] [ERROR]   ✘ FAILED in 3.7s: No valid company data found or empty dataframe.
[2026-03-29 14:55:23 UTC] [INFO] [85/137] Gautam Solar (GAUTSOL.BO)
[2026-03-29 14:55:26 UTC] [ERROR]   ✘ FAILED in 3.6s: No valid company data found or empty dataframe.
[2026-03-29 14:55:27 UTC] [INFO] [86/137] Insolation Energy (INSOLATION.BO)
[2026-03-29 14:55:31 UTC] [ERROR]   ✘ FAILED in 3.7s: No valid company data found or empty dataframe.
[2026-03-29 14:55:32 UTC] [INFO] [87/137] Apar Industries (APAR.NS)
[2026-03-29 14:55:33 UTC] [ERROR]   ✘ FAILED in 1.3s: No valid company data found or empty dataframe.
[2026-03-29 14:55:34 UTC] [INFO] [88/137] Urja Global (URJAGLOBAL.BO)
[2026-03-29 14:55:38 UTC] [ERROR]   ✘ FAILED in 3.5s: No valid company data found or empty dataframe.
[2026-03-29 14:55:39 UTC] [INFO] [89/137] Greenpanel Industries (GREENPANEL.NS)
[2026-03-29 14:56:00 UTC] [INFO]   ✔ Done in 110.8s
[2026-03-29 14:56:01 UTC] [INFO]   ✔ Done in 98.8s
[2026-03-29 14:56:01 UTC] [INFO] [343/411] Lendingkart Finance (LENDINGKART.BO)
[2026-03-29 14:56:02 UTC] [INFO] [503/542] Goodluck India (GOODLUCK.NS)
[2026-03-29 14:56:04 UTC] [ERROR]   ✘ FAILED in 2.8s: No valid company data found or empty dataframe.
[2026-03-29 14:56:05 UTC] [INFO] [344/411] NeoGrowth Credit (NEOGROWTH.BO)
[2026-03-29 14:56:08 UTC] [ERROR]   ✘ FAILED in 2.9s: No valid company data found or empty dataframe.
[2026-03-29 14:56:08 UTC] [INFO]   ✔ Done in 99.1s
[2026-03-29 14:56:09 UTC] [INFO] [345/411] U GRO Capital (UGROCAP2.BO)
[2026-03-29 14:56:09 UTC] [INFO] [199/274] RITES Limited (RITES.NS)
[2026-03-29 14:56:12 UTC] [ERROR]   ✘ FAILED in 3.2s: No valid company data found or empty dataframe.
[2026-03-29 14:56:13 UTC] [INFO] [346/411] Stashfin (STASHFIN.BO)
[2026-03-29 14:56:16 UTC] [ERROR]   ✘ FAILED in 2.8s: No valid company data found or empty dataframe.
[2026-03-29 14:56:17 UTC] [INFO] [347/411] Incred Financial (INCRED.BO)
[2026-03-29 14:56:20 UTC] [ERROR]   ✘ FAILED in 3.4s: No valid company data found or empty dataframe.
[2026-03-29 14:56:21 UTC] [INFO] [348/411] Veritas Finance (VERITAS.BO)
[2026-03-29 14:57:11 UTC] [INFO]   ✔ Done in 91.9s
[2026-03-29 14:57:12 UTC] [INFO] [90/137] Amplus Solar (AMPLUS.BO)
[2026-03-29 14:57:15 UTC] [ERROR]   ✘ FAILED in 3.4s: No valid company data found or empty dataframe.
[2026-03-29 14:57:16 UTC] [INFO] [91/137] Om Infra (OMINFRA.NS)
[2026-03-29 14:57:20 UTC] [ERROR]   ✘ FAILED in 3.5s: No valid company data found or empty dataframe.
[2026-03-29 14:57:20 UTC] [INFO]   ✔ Done in 58.7s
[2026-03-29 14:57:21 UTC] [INFO] [92/137] Torrent Power (TORNTPOW.NS)
[2026-03-29 14:57:21 UTC] [INFO] [349/411] Kinara Capital (KINARA.BO)
[2026-03-29 14:57:24 UTC] [ERROR]   ✘ FAILED in 3.3s: No valid company data found or empty dataframe.
[2026-03-29 14:57:24 UTC] [ERROR]   ✘ FAILED in 3.1s: No valid company data found or empty dataframe.
[2026-03-29 14:57:25 UTC] [INFO] [93/137] REIL (Rajasthan Electronics) (REIL.BO)
[2026-03-29 14:57:25 UTC] [INFO] [350/411] Vaya Finserv (VAYAFIN.BO)
[2026-03-29 14:57:26 UTC] [ERROR]   ✘ FAILED in 1.1s: No valid company data found or empty dataframe.
[2026-03-29 14:57:27 UTC] [INFO] [94/137] Swelect Energy Systems (SWELECT.NS)
[2026-03-29 14:57:29 UTC] [ERROR]   ✘ FAILED in 3.5s: No valid company data found or empty dataframe.
[2026-03-29 14:57:30 UTC] [INFO] [351/411] RING (formerly Kissht) (RING.BO)
[2026-03-29 14:57:30 UTC] [INFO]   ✔ Done in 87.9s
[2026-03-29 14:57:30 UTC] [ERROR]   ✘ FAILED in 3.1s: No valid company data found or empty dataframe.
[2026-03-29 14:57:31 UTC] [INFO] [504/542] Mukand Limited (MUKAND.NS)
[2026-03-29 14:57:31 UTC] [INFO] [95/137] Ujaas Energy (UJAAS.NS)
[2026-03-29 14:57:32 UTC] [ERROR]   ✘ FAILED in 2.6s: No valid company data found or empty dataframe.
[2026-03-29 14:57:33 UTC] [INFO] [352/411] Greaves Cotton (GREAVESCOT.NS)
[2026-03-29 14:57:34 UTC] [ERROR]   ✘ FAILED in 2.8s: No valid company data found or empty dataframe.
[2026-03-29 14:57:34 UTC] [ERROR]   ✘ FAILED in 3.3s: No valid company data found or empty dataframe.
[2026-03-29 14:57:34 UTC] [INFO]   ✔ Done in 85.0s
[2026-03-29 14:57:35 UTC] [INFO] [96/137] Gopal Snacks (GOPAL.NS)
[2026-03-29 14:57:35 UTC] [INFO] [505/542] Kalyani Steel (KALYANISL2.BO)
[2026-03-29 14:57:35 UTC] [INFO] [200/274] IRCON International (IRCON.NS)
[2026-03-29 14:57:38 UTC] [ERROR]   ✘ FAILED in 3.0s: No valid company data found or empty dataframe.
[2026-03-29 14:57:39 UTC] [INFO] [506/542] Sandur Manganese (SANDUMA.NS)
[2026-03-29 14:59:06 UTC] [INFO]   ✔ Done in 91.5s
[2026-03-29 14:59:07 UTC] [INFO] [97/137] Anmol Industries (ANMOLIND.BO)
[2026-03-29 14:59:11 UTC] [ERROR]   ✘ FAILED in 3.2s: No valid company data found or empty dataframe.
[2026-03-29 14:59:12 UTC] [INFO] [98/137] Bikaji Foods International (BIKAJI.NS)
[2026-03-29 14:59:21 UTC] [INFO]   ✔ Done in 106.0s
[2026-03-29 14:59:21 UTC] [INFO]   ✔ Done in 107.9s
[2026-03-29 14:59:22 UTC] [INFO]   ✔ Done in 102.5s
[2026-03-29 14:59:22 UTC] [INFO] [201/274] G R Infraprojects (GRINFRA.NS)
[2026-03-29 14:59:22 UTC] [INFO] [353/411] Kirloskar Brothers (KIRLOSBROS.NS)
[2026-03-29 14:59:23 UTC] [INFO] [507/542] Trimurty Ores (TRIMURTI.BO)
[2026-03-29 14:59:25 UTC] [ERROR]   ✘ FAILED in 1.8s: No valid company data found or empty dataframe.
[2026-03-29 14:59:26 UTC] [INFO] [508/542] Arvind Smartspaces (ARVINDSL.NS)
[2026-03-29 14:59:28 UTC] [ERROR]   ✘ FAILED in 2.3s: No valid company data found or empty dataframe.
[2026-03-29 14:59:29 UTC] [INFO] [509/542] Mahindra Lifespaces (MAHLIFE2.BO)
[2026-03-29 14:59:32 UTC] [ERROR]   ✘ FAILED in 3.2s: No valid company data found or empty dataframe.
[2026-03-29 14:59:33 UTC] [INFO] [510/542] Sattva Group (SATTVA.BO)
[2026-03-29 14:59:36 UTC] [ERROR]   ✘ FAILED in 3.3s: No valid company data found or empty dataframe.
[2026-03-29 14:59:37 UTC] [INFO] [511/542] Vedant Fashions (Manyavar) (MANYAVAR.NS)
[2026-03-29 15:01:40 UTC] [INFO]   ✔ Done in 137.4s
[2026-03-29 15:01:41 UTC] [INFO] [202/274] PNC Infratech (PNCINFRA.NS)
[2026-03-29 15:01:42 UTC] [INFO]   ✔ Done in 150.9s
[2026-03-29 15:01:43 UTC] [INFO] [99/137] Cello World (CELLO.NS)
[2026-03-29 15:02:09 UTC] [INFO]   ✔ Done in 152.1s
[2026-03-29 15:02:10 UTC] [INFO] [512/542] W (Global Desi) (ABFRL.NS)
[2026-03-29 15:02:26 UTC] [INFO]   ✔ Done in 183.6s
[2026-03-29 15:02:27 UTC] [INFO] [354/411] Praj Industries (PRAJIND.NS)
[2026-03-29 15:03:42 UTC] [INFO]   ✔ Done in 120.9s
[2026-03-29 15:03:43 UTC] [INFO] [203/274] Gawar Construction (GAWAR.BO)
[2026-03-29 15:03:48 UTC] [ERROR]   ✘ FAILED in 5.3s: No valid company data found or empty dataframe.
[2026-03-29 15:03:49 UTC] [INFO] [204/274] Capacit'e Infraprojects (CAPACITE.NS)
[2026-03-29 15:04:05 UTC] [INFO]   ✔ Done in 114.8s
[2026-03-29 15:04:06 UTC] [INFO] [513/542] Go Fashion (Go Colors) (GOCOLORS.NS)
[2026-03-29 15:04:08 UTC] [INFO]   ✔ Done in 144.6s
[2026-03-29 15:04:09 UTC] [INFO] [100/137] Baazar Style Retail (BAAZAR.NS)
[2026-03-29 15:04:11 UTC] [ERROR]   ✘ FAILED in 2.2s: No valid company data found or empty dataframe.
[2026-03-29 15:04:12 UTC] [INFO] [101/137] Global Pet Industries (GLOBALP.BO)
[2026-03-29 15:04:15 UTC] [ERROR]   ✘ FAILED in 2.7s: No valid company data found or empty dataframe.
[2026-03-29 15:04:16 UTC] [INFO] [102/137] Vahan.com (VAHAN.BO)
[2026-03-29 15:04:18 UTC] [ERROR]   ✘ FAILED in 2.2s: No valid company data found or empty dataframe.
[2026-03-29 15:04:19 UTC] [INFO] [103/137] Ruchi Soya Industries (RUCHISOYA.NS)
[2026-03-29 15:04:19 UTC] [INFO]   ✔ Done in 112.6s
[2026-03-29 15:04:20 UTC] [INFO] [355/411] ThyssenKrupp (India) (THYSSENKRU.BO)
[2026-03-29 15:04:22 UTC] [ERROR]   ✘ FAILED in 2.7s: No valid company data found or empty dataframe.
[2026-03-29 15:04:23 UTC] [INFO] [104/137] Sugarmill Industries (SUGARMIL.BO)
[2026-03-29 15:04:23 UTC] [ERROR]   ✘ FAILED in 2.4s: No valid company data found or empty dataframe.
[2026-03-29 15:04:24 UTC] [INFO] [356/411] Rolex Rings (ROLEXRINGS.NS)
[2026-03-29 15:04:25 UTC] [ERROR]   ✘ FAILED in 2.5s: No valid company data found or empty dataframe.
[2026-03-29 15:04:26 UTC] [INFO] [105/137] Garden Reach Shipbuilders (GRSE.NS)
[2026-03-29 15:05:40 UTC] [INFO]   ✔ Done in 111.2s
[2026-03-29 15:05:41 UTC] [INFO] [205/274] Man Infraconstruction (MANINFRA.NS)
[2026-03-29 15:05:44 UTC] [INFO]   ✔ Done in 98.0s
[2026-03-29 15:05:45 UTC] [INFO] [514/542] Shoppers Stop (SHOPERSTOP.NS)
[2026-03-29 15:06:09 UTC] [INFO]   ✔ Done in 105.0s
[2026-03-29 15:06:10 UTC] [INFO] [357/411] Ramco Systems (RAMCOSYS.NS)
[2026-03-29 15:06:11 UTC] [INFO]   ✔ Done in 104.5s
[2026-03-29 15:06:12 UTC] [INFO] [106/137] Kama Holdings (KAMA.NS)
[2026-03-29 15:06:16 UTC] [ERROR]   ✘ FAILED in 4.2s: No valid company data found or empty dataframe.
[2026-03-29 15:06:17 UTC] [INFO] [107/137] Credo Brands (Mufti) (MUFTI.NS)
[2026-03-29 15:08:08 UTC] [INFO]   ✔ Done in 143.0s
[2026-03-29 15:08:09 UTC] [INFO] [515/542] Westlife Foodworld (McDonald's) (WESTLIFE.NS)
[2026-03-29 15:08:46 UTC] [INFO]   ✔ Done in 156.5s
[2026-03-29 15:08:47 UTC] [INFO] [358/411] Carborundum Universal (CARBORUNIV.NS)
[2026-03-29 15:09:22 UTC] [INFO]   ✔ Done in 221.0s
[2026-03-29 15:09:23 UTC] [INFO] [206/274] Ahluwalia Contracts (AHLUCONT.NS)
[2026-03-29 15:10:06 UTC] [INFO]   ✔ Done in 229.4s
[2026-03-29 15:10:07 UTC] [INFO] [108/137] GNG Electronics (GNG.BO)
[2026-03-29 15:10:08 UTC] [INFO]   ✔ Done in 119.0s
[2026-03-29 15:10:09 UTC] [INFO] [516/542] Jubilant Foodworks (Domino's) (JUBLFOOD.NS)
[2026-03-29 15:10:10 UTC] [ERROR]   ✘ FAILED in 2.4s: No valid company data found or empty dataframe.
[2026-03-29 15:10:11 UTC] [INFO] [109/137] Doms Industries (DOMS.NS)
[2026-03-29 15:10:40 UTC] [INFO]   ✔ Done in 112.8s
[2026-03-29 15:10:41 UTC] [INFO] [359/411] Ahlstrom Munksjö (AHLSTROM.BO)
[2026-03-29 15:10:45 UTC] [ERROR]   ✘ FAILED in 3.8s: No valid company data found or empty dataframe.
[2026-03-29 15:10:46 UTC] [INFO] [360/411] Uniparts India (UNIPARTS.NS)
[2026-03-29 15:11:27 UTC] [INFO]   ✔ Done in 124.2s
[2026-03-29 15:11:28 UTC] [INFO] [207/274] BL Kashyap (BLK.NS)
[2026-03-29 15:11:31 UTC] [ERROR]   ✘ FAILED in 2.5s: No valid company data found or empty dataframe.
[2026-03-29 15:11:32 UTC] [INFO] [208/274] ITD Cementation (ITDCEM.NS)
[2026-03-29 15:11:35 UTC] [ERROR]   ✘ FAILED in 3.1s: No valid company data found or empty dataframe.
[2026-03-29 15:11:36 UTC] [INFO] [209/274] Dilip Buildcon (DBL.NS)
[2026-03-29 15:11:45 UTC] [INFO]   ✔ Done in 94.6s
[2026-03-29 15:11:46 UTC] [INFO] [110/137] Park Hotels (PARKHOTEL.BO)
[2026-03-29 15:11:48 UTC] [ERROR]   ✘ FAILED in 2.2s: No valid company data found or empty dataframe.
[2026-03-29 15:11:49 UTC] [INFO] [111/137] Praxis Home Retail (PRAXIS.BO)
[2026-03-29 15:12:12 UTC] [INFO]   ✔ Done in 122.9s
[2026-03-29 15:12:13 UTC] [INFO] [517/542] Barbeque Nation (BARBEQUE.NS)
[2026-03-29 15:12:15 UTC] [ERROR]   ✘ FAILED in 2.3s: No valid company data found or empty dataframe.
[2026-03-29 15:12:16 UTC] [INFO] [518/542] Restaurant Brands Asia (RBAAP.NS)
[2026-03-29 15:12:19 UTC] [ERROR]   ✘ FAILED in 2.0s: No valid company data found or empty dataframe.
[2026-03-29 15:12:20 UTC] [INFO] [519/542] Cinemax India (CINEMAX.BO)
[2026-03-29 15:12:20 UTC] [ERROR]   ✘ FAILED in 0.6s: No valid company data found or empty dataframe.
[2026-03-29 15:12:21 UTC] [INFO] [520/542] SPI Cinemas (SPICINEM.BO)
[2026-03-29 15:12:23 UTC] [ERROR]   ✘ FAILED in 1.9s: No valid company data found or empty dataframe.
[2026-03-29 15:12:24 UTC] [INFO] [521/542] Sri Adhikari Brothers (SRIABHIKA.BO)
[2026-03-29 15:12:26 UTC] [ERROR]   ✘ FAILED in 1.9s: No valid company data found or empty dataframe.
[2026-03-29 15:12:27 UTC] [INFO] [522/542] Manappuram Finance (MANAPPURAM.NS)
[2026-03-29 15:13:11 UTC] [INFO]   ✔ Done in 95.5s
[2026-03-29 15:13:12 UTC] [INFO] [210/274] Ashoka Buildcon (ASHOKA.NS)
[2026-03-29 15:13:18 UTC] [INFO]   ✔ Done in 152.3s
[2026-03-29 15:13:19 UTC] [INFO] [361/411] Welspun Corp (WELCORP.NS)
[2026-03-29 15:13:20 UTC] [INFO]   ✔ Done in 90.2s
[2026-03-29 15:13:21 UTC] [INFO] [112/137] Sapphire Foods India (SAPPHIRE.NS)
[2026-03-29 15:14:10 UTC] [INFO]   ✔ Done in 102.8s
[2026-03-29 15:14:11 UTC] [INFO] [523/542] IIFL Gold Loan (IIFLGOLD.BO)
[2026-03-29 15:14:13 UTC] [ERROR]   ✘ FAILED in 2.4s: No valid company data found or empty dataframe.
[2026-03-29 15:14:14 UTC] [INFO] [524/542] Muthoot Finance (MUTHOOTFIN.NS)
[2026-03-29 15:15:09 UTC] [INFO]   ✔ Done in 116.2s
[2026-03-29 15:15:10 UTC] [INFO] [211/274] Kcal World (KCAL.BO)
[2026-03-29 15:15:13 UTC] [ERROR]   ✘ FAILED in 3.5s: No valid company data found or empty dataframe.
[2026-03-29 15:15:14 UTC] [INFO] [212/274] Jio-BP (JIOBP.BO)
[2026-03-29 15:15:17 UTC] [ERROR]   ✘ FAILED in 3.3s: No valid company data found or empty dataframe.
[2026-03-29 15:15:18 UTC] [INFO] [213/274] Alpex Solar (ALPEXSOLAR.BO)
[2026-03-29 15:15:21 UTC] [ERROR]   ✘ FAILED in 2.9s: No valid company data found or empty dataframe.
[2026-03-29 15:15:22 UTC] [INFO] [214/274] Bright Solar (BRIGHTSOL.BO)
[2026-03-29 15:15:25 UTC] [ERROR]   ✘ FAILED in 3.1s: No valid company data found or empty dataframe.
[2026-03-29 15:15:26 UTC] [INFO] [215/274] Nova AgriTech (NOVAAGRI.NS)
[2026-03-29 15:15:27 UTC] [INFO]   ✔ Done in 128.1s
[2026-03-29 15:15:28 UTC] [INFO] [362/411] Maharashtra Seamless (MAHSEAMLES.NS)
[2026-03-29 15:15:34 UTC] [INFO]   ✔ Done in 132.8s
[2026-03-29 15:15:35 UTC] [INFO] [113/137] Devyani International (DEVYANI.NS)
[2026-03-29 15:15:59 UTC] [INFO]   ✔ Done in 105.4s
[2026-03-29 15:16:00 UTC] [INFO] [525/542] Poonawalla Fincorp (POONAWALLA.NS)
[2026-03-29 15:16:42 UTC] [INFO]   ✔ Done in 76.1s
[2026-03-29 15:16:43 UTC] [INFO] [216/274] Manorama Industries (MANORAMA.BO)
[2026-03-29 15:17:04 UTC] [INFO]   ✔ Done in 95.3s
[2026-03-29 15:17:05 UTC] [INFO] [363/411] Prakash Industries (PRAKASH.NS)
[2026-03-29 15:17:07 UTC] [INFO]   ✔ Done in 92.6s
[2026-03-29 15:17:08 UTC] [INFO] [114/137] Shivangi Cotspin (SHIVANGI.BO)
[2026-03-29 15:17:11 UTC] [ERROR]   ✘ FAILED in 2.9s: No valid company data found or empty dataframe.
[2026-03-29 15:17:12 UTC] [INFO] [115/137] Vinny Overseas (VINNY.BO)
[2026-03-29 15:17:21 UTC] [INFO]   ✔ Done in 80.9s
[2026-03-29 15:17:22 UTC] [INFO] [526/542] Electrotherm India (ELECTROTHM.NS)
[2026-03-29 15:17:25 UTC] [ERROR]   ✘ FAILED in 3.0s: No valid company data found or empty dataframe.
[2026-03-29 15:17:26 UTC] [INFO] [527/542] Electrosteel Castings (ELECTCAST.NS)
[2026-03-29 15:18:18 UTC] [INFO]   ✔ Done in 95.0s
[2026-03-29 15:18:19 UTC] [INFO] [217/274] Supriya Lifescience (SUPRIYA.NS)
[2026-03-29 15:18:33 UTC] [INFO]   ✔ Done in 88.4s
[2026-03-29 15:18:34 UTC] [INFO] [364/411] APL Apollo Tubes (APLAPOLLO.NS)
[2026-03-29 15:18:36 UTC] [INFO]   ✔ Done in 83.8s
[2026-03-29 15:18:37 UTC] [INFO] [116/137] Welspun India (WELSPUNIND.NS)
[2026-03-29 15:18:40 UTC] [ERROR]   ✘ FAILED in 3.6s: No valid company data found or empty dataframe.
[2026-03-29 15:18:41 UTC] [INFO] [117/137] Gokaldas Exports (GOKALDAS.NS)
[2026-03-29 15:18:45 UTC] [ERROR]   ✘ FAILED in 3.5s: No valid company data found or empty dataframe.
[2026-03-29 15:18:46 UTC] [INFO] [118/137] Nitin Spinners (NITINSPIN.NS)
[2026-03-29 15:19:14 UTC] [INFO]   ✔ Done in 107.3s
[2026-03-29 15:19:15 UTC] [INFO] [528/542] Nuvoco Vistas (NUVOCO.NS)
[2026-03-29 15:20:12 UTC] [INFO]   ✔ Done in 112.7s
[2026-03-29 15:20:13 UTC] [INFO] [218/274] Zaggle Fintech (ZAGGLE2.BO)
[2026-03-29 15:20:17 UTC] [ERROR]   ✘ FAILED in 3.4s: No valid company data found or empty dataframe.
[2026-03-29 15:20:18 UTC] [INFO] [219/274] ASK Automotive (ASKAUTOM.NS)
[2026-03-29 15:20:21 UTC] [ERROR]   ✘ FAILED in 3.3s: No valid company data found or empty dataframe.
[2026-03-29 15:20:22 UTC] [INFO]   ✔ Done in 107.5s
[2026-03-29 15:20:22 UTC] [INFO] [220/274] Kalyani Steels (KALYANISL.NS)
[2026-03-29 15:20:23 UTC] [INFO] [365/411] Jindal Saw (JINDALSTEL.NS)
[2026-03-29 15:20:24 UTC] [ERROR]   ✘ FAILED in 2.1s: No valid company data found or empty dataframe.
[2026-03-29 15:20:25 UTC] [INFO] [221/274] Bansal Wire Industries (BANSAL.NS)
[2026-03-29 15:20:28 UTC] [INFO]   ✔ Done in 102.4s
[2026-03-29 15:20:29 UTC] [INFO] [119/137] Vardhman Textiles (VTL.NS)
[2026-03-29 15:20:41 UTC] [INFO]   ✔ Done in 86.2s
[2026-03-29 15:20:42 UTC] [INFO] [529/542] Star Cement (STARCEMENT.NS)
[2026-03-29 15:21:36 UTC] [INFO]   ✔ Done in 71.3s
[2026-03-29 15:21:37 UTC] [INFO] [222/274] Gala Precision Engineering (GALA.BO)
[2026-03-29 15:21:39 UTC] [ERROR]   ✘ FAILED in 1.3s: No valid company data found or empty dataframe.
[2026-03-29 15:21:40 UTC] [INFO] [223/274] Euro India Fresh Foods (EUROIND.BO)
[2026-03-29 15:21:43 UTC] [ERROR]   ✘ FAILED in 3.9s: No valid company data found or empty dataframe.
[2026-03-29 15:21:44 UTC] [INFO] [224/274] Allied Blenders & Distillers (ABD.NS)
[2026-03-29 15:21:49 UTC] [ERROR]   ✘ FAILED in 5.0s: No valid company data found or empty dataframe.
[2026-03-29 15:21:50 UTC] [INFO] [225/274] NSLNISP (NSLNISP.BO)
[2026-03-29 15:22:05 UTC] [INFO]   ✔ Done in 102.3s
[2026-03-29 15:22:06 UTC] [INFO] [366/411] V-Mart Retail (VMART.NS)
[2026-03-29 15:22:26 UTC] [INFO]   ✔ Done in 117.0s
[2026-03-29 15:22:27 UTC] [INFO]   ✔ Done in 104.9s
[2026-03-29 15:22:27 UTC] [INFO] [120/137] KPR Mill (KPRMILL.NS)
[2026-03-29 15:22:28 UTC] [INFO] [530/542] Mangalam Cement (MANGLMCEM.NS)
[2026-03-29 15:23:24 UTC] [INFO]   ✔ Done in 93.2s
[2026-03-29 15:23:25 UTC] [INFO] [226/274] Cigniti Technologies (CIGNITI.NS)
[2026-03-29 15:23:25 UTC] [ERROR]   ✘ FAILED in 0.7s: No valid company data found or empty dataframe.
[2026-03-29 15:23:26 UTC] [INFO] [227/274] Kellton Tech Solutions (KELLTON.NS)
[2026-03-29 15:23:29 UTC] [ERROR]   ✘ FAILED in 2.3s: No valid company data found or empty dataframe.
[2026-03-29 15:23:30 UTC] [INFO] [228/274] Mastech Digital (MASTECH.NS)
[2026-03-29 15:23:32 UTC] [ERROR]   ✘ FAILED in 2.0s: No valid company data found or empty dataframe.
[2026-03-29 15:23:33 UTC] [INFO] [229/274] KPIT Technologies (KPITTECH.NS)
[2026-03-29 15:23:37 UTC] [INFO]   ✔ Done in 90.7s
[2026-03-29 15:23:38 UTC] [INFO] [367/411] Landmark Group (Lifestyle) (LANDMARK2.BO)
[2026-03-29 15:23:40 UTC] [ERROR]   ✘ FAILED in 2.0s: No valid company data found or empty dataframe.
[2026-03-29 15:23:41 UTC] [INFO] [368/411] Nykaa (FSN E-Commerce) (NYKAA.NS)
[2026-03-29 15:24:05 UTC] [INFO]   ✔ Done in 97.4s
[2026-03-29 15:24:06 UTC] [INFO] [121/137] Indo Rama Synthetics (INDORAMA.BO)
[2026-03-29 15:24:39 UTC] [INFO]   ✔ Done in 131.2s
[2026-03-29 15:24:40 UTC] [INFO] [531/542] Burnpur Cement (BURNPUR.BO)
[2026-03-29 15:26:28 UTC] [INFO]   ✔ Done in 175.0s
[2026-03-29 15:26:29 UTC] [INFO] [230/274] Newgen Software (NEWGEN.NS)
[2026-03-29 15:28:03 UTC] [INFO]   ✔ Done in 262.9s
[2026-03-29 15:28:04 UTC] [INFO] [369/411] Mamaearth (Honasa) (HONASA.NS)
[2026-03-29 15:28:09 UTC] [INFO]   ✔ Done in 243.5s
[2026-03-29 15:28:10 UTC] [INFO] [122/137] Shahi Exports (SHAHI.BO)
[2026-03-29 15:28:13 UTC] [ERROR]   ✘ FAILED in 2.4s: No valid company data found or empty dataframe.
[2026-03-29 15:28:14 UTC] [INFO] [123/137] Filatex India (FILATEX.NS)
[2026-03-29 15:28:24 UTC] [INFO]   ✔ Done in 224.0s
[2026-03-29 15:28:25 UTC] [INFO] [532/542] CMYK Printech (CMYK.BO)
[2026-03-29 15:28:28 UTC] [ERROR]   ✘ FAILED in 3.5s: No valid company data found or empty dataframe.
[2026-03-29 15:28:29 UTC] [INFO] [533/542] Dhruv Consultancy (DHRUVCNSL.BO)
[2026-03-29 15:28:33 UTC] [ERROR]   ✘ FAILED in 3.5s: No valid company data found or empty dataframe.
[2026-03-29 15:28:34 UTC] [INFO] [534/542] Aadifidelis Solutions (AADIFIDEL.BO)
[2026-03-29 15:28:37 UTC] [ERROR]   ✘ FAILED in 2.9s: No valid company data found or empty dataframe.
[2026-03-29 15:28:38 UTC] [INFO] [535/542] Abha Power & Steel (ABHAPOWER.BO)
[2026-03-29 15:28:41 UTC] [ERROR]   ✘ FAILED in 2.8s: No valid company data found or empty dataframe.
[2026-03-29 15:28:42 UTC] [INFO] [536/542] Nath Industries (NATH.BO)
[2026-03-29 15:28:43 UTC] [ERROR]   ✘ FAILED in 0.9s: No valid company data found or empty dataframe.
[2026-03-29 15:28:43 UTC] [INFO]   ✔ Done in 134.5s
[2026-03-29 15:28:44 UTC] [INFO] [537/542] Dhani Services (DHANI.NS)
[2026-03-29 15:28:44 UTC] [INFO] [231/274] Data Patterns India (DATAPATT.NS)
[2026-03-29 15:28:46 UTC] [ERROR]   ✘ FAILED in 2.1s: No valid company data found or empty dataframe.
[2026-03-29 15:28:46 UTC] [ERROR]   ✘ FAILED in 2.3s: No valid company data found or empty dataframe.
[2026-03-29 15:28:47 UTC] [INFO] [538/542] Servotronics (SERVOTECH.BO)
[2026-03-29 15:28:47 UTC] [INFO] [232/274] MTAR Technologies (MTAR.NS)
[2026-03-29 15:28:49 UTC] [ERROR]   ✘ FAILED in 2.2s: No valid company data found or empty dataframe.
[2026-03-29 15:28:50 UTC] [INFO] [539/542] Globus Spirits (GLOBUSSPR.NS)
[2026-03-29 15:28:50 UTC] [ERROR]   ✘ FAILED in 2.5s: No valid company data found or empty dataframe.
[2026-03-29 15:28:51 UTC] [INFO] [233/274] Paras Defence (PARASDEF.NS)
[2026-03-29 15:28:53 UTC] [ERROR]   ✘ FAILED in 2.5s: No valid company data found or empty dataframe.
[2026-03-29 15:28:54 UTC] [INFO] [234/274] Astra Microwave (ASTRAMICRO.NS)
[2026-03-29 15:29:37 UTC] [INFO]   ✔ Done in 92.2s
[2026-03-29 15:29:38 UTC] [INFO] [370/411] Gillette India (GILLETTE.NS)
[2026-03-29 15:30:04 UTC] [INFO]   ✔ Done in 110.5s
[2026-03-29 15:30:05 UTC] [INFO] [124/137] SEG (Starlite Engg) (STARLITE.BO)
[2026-03-29 15:30:09 UTC] [ERROR]   ✘ FAILED in 4.2s: No valid company data found or empty dataframe.
[2026-03-29 15:30:10 UTC] [INFO] [125/137] Nandan Denim (NANDANDEM.NS)
[2026-03-29 15:30:14 UTC] [ERROR]   ✘ FAILED in 3.5s: No valid company data found or empty dataframe.
[2026-03-29 15:30:15 UTC] [INFO] [126/137] Shivalik Bimetal Controls (SHIVALIKBI.NS)
[2026-03-29 15:30:18 UTC] [ERROR]   ✘ FAILED in 3.3s: No valid company data found or empty dataframe.
[2026-03-29 15:30:19 UTC] [INFO] [127/137] Suryalakshmi Cotton Mills (SURYALAKSH.NS)
[2026-03-29 15:30:23 UTC] [ERROR]   ✘ FAILED in 3.7s: No valid company data found or empty dataframe.
[2026-03-29 15:30:24 UTC] [INFO] [128/137] Rupa & Company (RUPA.NS)
[2026-03-29 15:31:16 UTC] [INFO]   ✔ Done in 98.0s
[2026-03-29 15:31:16 UTC] [INFO]   ✔ Done in 146.0s
[2026-03-29 15:31:17 UTC] [INFO] [371/411] Emami Limited (EMAMI.NS)
[2026-03-29 15:31:17 UTC] [INFO] [540/542] Tilaknagar Industries (TI.NS)
[2026-03-29 15:31:18 UTC] [INFO]   ✔ Done in 143.1s
[2026-03-29 15:31:19 UTC] [INFO] [235/274] Bharat Dynamics (BDL.NS)
[2026-03-29 15:31:20 UTC] [ERROR]   ✘ FAILED in 3.2s: No valid company data found or empty dataframe.
[2026-03-29 15:31:21 UTC] [INFO] [372/411] Bajaj Consumer Care (BAJAJCON.NS)
[2026-03-29 15:32:03 UTC] [INFO]   ✔ Done in 99.1s
[2026-03-29 15:32:04 UTC] [INFO] [129/137] Shree Tirupati Balajee Agro (STBAL.BO)
[2026-03-29 15:32:08 UTC] [ERROR]   ✘ FAILED in 3.6s: No valid company data found or empty dataframe.
[2026-03-29 15:32:09 UTC] [INFO] [130/137] Kanpur Plastipack (KANPLAS.BO)
[2026-03-29 15:32:12 UTC] [ERROR]   ✘ FAILED in 3.7s: No valid company data found or empty dataframe.
[2026-03-29 15:32:13 UTC] [INFO] [131/137] Sah Polymers (SAHPOL.NS)
[2026-03-29 15:32:17 UTC] [ERROR]   ✘ FAILED in 3.3s: No valid company data found or empty dataframe.
[2026-03-29 15:32:18 UTC] [INFO] [132/137] Polyplex Corporation (POLYPLEX.NS)
[2026-03-29 15:33:05 UTC] [INFO]   ✔ Done in 107.8s
[2026-03-29 15:33:06 UTC] [INFO] [541/542] GM Breweries (GMBREW.NS)
[2026-03-29 15:33:16 UTC] [INFO]   ✔ Done in 117.8s
[2026-03-29 15:33:17 UTC] [INFO] [236/274] Zen Technologies (ZENTEC.NS)
[2026-03-29 15:33:20 UTC] [INFO]   ✔ Done in 118.7s
[2026-03-29 15:33:21 UTC] [INFO] [373/411] Jyothy Labs (JYOTHYLAB.NS)
[2026-03-29 15:34:40 UTC] [INFO]   ✔ Done in 142.6s
[2026-03-29 15:34:41 UTC] [INFO] [133/137] Cosmo Films (COSMOFILM.NS)
[2026-03-29 15:34:43 UTC] [ERROR]   ✘ FAILED in 1.3s: No valid company data found or empty dataframe.
[2026-03-29 15:34:44 UTC] [INFO] [134/137] Uflex (UFLEX.NS)
[2026-03-29 15:35:42 UTC] [INFO]   ✔ Done in 141.6s
[2026-03-29 15:35:43 UTC] [INFO] [374/411] Ghari Industries (GHARI.BO)
[2026-03-29 15:35:45 UTC] [ERROR]   ✘ FAILED in 2.3s: No valid company data found or empty dataframe.
[2026-03-29 15:35:46 UTC] [INFO] [375/411] Patanjali Wellness (PATANJWEL.BO)
[2026-03-29 15:35:49 UTC] [ERROR]   ✘ FAILED in 2.3s: No valid company data found or empty dataframe.
[2026-03-29 15:35:50 UTC] [INFO] [376/411] Vanesa Care (VANESA.BO)
[2026-03-29 15:35:52 UTC] [ERROR]   ✘ FAILED in 2.1s: No valid company data found or empty dataframe.
[2026-03-29 15:35:53 UTC] [INFO] [377/411] RSPL Group (Rohit Surfactants) (RSPL.BO)
[2026-03-29 15:35:55 UTC] [ERROR]   ✘ FAILED in 2.5s: No valid company data found or empty dataframe.
[2026-03-29 15:35:56 UTC] [INFO] [378/411] Veefin Solutions (VEEFIN.BO)
[2026-03-29 15:36:20 UTC] [INFO]   ✔ Done in 193.8s
[2026-03-29 15:36:21 UTC] [INFO] [542/542] Pee Cee Cosma Sope (PEECEECOSM.BO)
[2026-03-29 15:36:22 UTC] [ERROR]   ✘ FAILED in 1.9s: No valid company data found or empty dataframe.
[2026-03-29 15:36:23 UTC] [INFO]   ✔ Done in 99.2s
[2026-03-29 15:36:23 UTC] [INFO] BATCH COMPLETE  |  ok=62  failed=69  skipped=0
[2026-03-29 15:36:24 UTC] [INFO] [135/137] Huhtamaki India (HUHTAMAKI.NS)
[2026-03-29 15:36:25 UTC] [INFO]   ✔ Done in 187.9s
[2026-03-29 15:36:26 UTC] [INFO] [237/274] Apollo Micro Systems (APOLLO.NS)
[2026-03-29 15:38:05 UTC] [INFO]   ✔ Done in 128.2s
[2026-03-29 15:38:06 UTC] [INFO] [379/411] Bewakoof Brands (BEWAKOOF.BO)
[2026-03-29 15:38:06 UTC] [INFO]   ✔ Done in 101.9s
[2026-03-29 15:38:07 UTC] [INFO] [136/137] Mold-Tek Packaging (MOLDTKPAC.NS)
[2026-03-29 15:38:08 UTC] [ERROR]   ✘ FAILED in 2.4s: No valid company data found or empty dataframe.
[2026-03-29 15:38:09 UTC] [INFO] [380/411] FabIndia (FABINDIA.BO)
[2026-03-29 15:38:12 UTC] [ERROR]   ✘ FAILED in 2.6s: No valid company data found or empty dataframe.
[2026-03-29 15:38:13 UTC] [INFO] [381/411] Prabhat Dairy (PRABHAT.NS)
[2026-03-29 15:38:15 UTC] [ERROR]   ✘ FAILED in 2.7s: No valid company data found or empty dataframe.
[2026-03-29 15:38:16 UTC] [INFO] [382/411] Dodla Dairy (DODLA.NS)
[2026-03-29 15:38:34 UTC] [INFO]   ✔ Done in 127.6s
[2026-03-29 15:38:35 UTC] [INFO] [238/274] Anant Raj (ANANTRAJ.NS)
[2026-03-29 15:39:26 UTC] [INFO]   ✔ Done in 79.4s
[2026-03-29 15:39:27 UTC] [INFO] [137/137] Time Technoplast (TIMETECHNO.NS)
[2026-03-29 15:40:14 UTC] [INFO]   ✔ Done in 99.4s
[2026-03-29 15:40:15 UTC] [INFO] [239/274] DCX Systems (DCX.NS)
[2026-03-29 15:40:18 UTC] [ERROR]   ✘ FAILED in 2.5s: No valid company data found or empty dataframe.
[2026-03-29 15:40:19 UTC] [INFO] [240/274] Sansera Engineering (SANSERA.NS)
[2026-03-29 15:40:27 UTC] [INFO]   ✔ Done in 131.1s
[2026-03-29 15:40:28 UTC] [INFO] [383/411] Heritage Foods (HERITGFOOD.NS)
[2026-03-29 15:42:06 UTC] [INFO]   ✔ Done in 158.6s
[2026-03-29 15:42:07 UTC] [INFO] BATCH COMPLETE  |  ok=65  failed=72  skipped=0
[2026-03-29 15:42:26 UTC] [INFO]   ✔ Done in 127.4s
[2026-03-29 15:42:27 UTC] [INFO] [241/274] Campus Activewear (CAMPUS.NS)
[2026-03-29 15:42:54 UTC] [INFO]   ✔ Done in 146.0s
[2026-03-29 15:42:55 UTC] [INFO] [384/411] Parag Milk Foods (PARAGMILK.NS)
[2026-03-29 15:44:03 UTC] [INFO]   ✔ Done in 95.9s
[2026-03-29 15:44:04 UTC] [INFO] [242/274] Global Education (GEDU) (GEDU.BO)
[2026-03-29 15:44:08 UTC] [ERROR]   ✘ FAILED in 3.6s: No valid company data found or empty dataframe.
[2026-03-29 15:44:09 UTC] [INFO] [243/274] Zee Learn (ZEELEARN.NS)
[2026-03-29 15:44:15 UTC] [INFO]   ✔ Done in 80.1s
[2026-03-29 15:44:16 UTC] [INFO] [385/411] Kwality Limited (KWALITY.NS)
[2026-03-29 15:44:21 UTC] [ERROR]   ✘ FAILED in 4.7s: No valid company data found or empty dataframe.
[2026-03-29 15:44:22 UTC] [INFO] [386/411] Tasty Bite Eatables (TASTYBITE.NS)
[2026-03-29 15:45:35 UTC] [INFO]   ✔ Done in 86.1s
[2026-03-29 15:45:36 UTC] [INFO] [244/274] Brainbees Solutions (FirstCry) (BRAINBEES.NS)
[2026-03-29 15:45:45 UTC] [ERROR]   ✘ FAILED in 9.5s: No valid company data found or empty dataframe.
[2026-03-29 15:45:46 UTC] [INFO] [245/274] MT Educare (MTEDUCARE.BO)
[2026-03-29 15:45:53 UTC] [INFO]   ✔ Done in 90.5s
[2026-03-29 15:45:54 UTC] [INFO] [387/411] Prataap Snacks (DIAMONDYD.NS)
[2026-03-29 15:47:11 UTC] [INFO]   ✔ Done in 84.2s
[2026-03-29 15:47:12 UTC] [INFO] [246/274] Centum Learning (CENTENIAL.BO)
[2026-03-29 15:47:14 UTC] [ERROR]   ✘ FAILED in 2.4s: No valid company data found or empty dataframe.
[2026-03-29 15:47:15 UTC] [INFO] [247/274] Schoolnet India (SCHOOLNET.BO)
[2026-03-29 15:47:17 UTC] [ERROR]   ✘ FAILED in 2.2s: No valid company data found or empty dataframe.
[2026-03-29 15:47:18 UTC] [INFO] [248/274] Everonn Education (EVERONN.BO)
[2026-03-29 15:47:19 UTC] [ERROR]   ✘ FAILED in 0.5s: No valid company data found or empty dataframe.
[2026-03-29 15:47:20 UTC] [INFO] [249/274] Sterlite Technologies (STRTECH.NS)
[2026-03-29 15:47:22 UTC] [ERROR]   ✘ FAILED in 1.9s: No valid company data found or empty dataframe.
[2026-03-29 15:47:23 UTC] [INFO] [250/274] HFCL (HFCL.NS)
[2026-03-29 15:47:24 UTC] [INFO]   ✔ Done in 90.5s
[2026-03-29 15:47:25 UTC] [INFO] [388/411] ADF Foods (ADFFOODS.NS)
[2026-03-29 15:48:45 UTC] [INFO]   ✔ Done in 82.2s
[2026-03-29 15:48:46 UTC] [INFO] [251/274] Tejas Networks (TEJASNET.NS)
[2026-03-29 15:48:48 UTC] [INFO]   ✔ Done in 82.7s
[2026-03-29 15:48:49 UTC] [INFO] [389/411] Gits Food Products (GITSFOOD.BO)
[2026-03-29 15:48:51 UTC] [ERROR]   ✘ FAILED in 2.3s: No valid company data found or empty dataframe.
[2026-03-29 15:48:52 UTC] [INFO] [390/411] Agro Tech Foods (AGRITECH.NS)
[2026-03-29 15:50:12 UTC] [INFO]   ✔ Done in 86.2s
[2026-03-29 15:50:12 UTC] [INFO]   ✔ Done in 80.0s
[2026-03-29 15:50:13 UTC] [INFO] [252/274] Black Box Networks (BLACKBOX.BO)
[2026-03-29 15:50:13 UTC] [INFO] [391/411] ITC Agri (ITCAGRI.BO)
[2026-03-29 15:50:17 UTC] [ERROR]   ✘ FAILED in 3.7s: No valid company data found or empty dataframe.
[2026-03-29 15:50:17 UTC] [ERROR]   ✘ FAILED in 4.0s: No valid company data found or empty dataframe.
[2026-03-29 15:50:18 UTC] [INFO] [392/411] Advanta Seeds (ADVANTA.BO)
[2026-03-29 15:50:18 UTC] [INFO] [253/274] Smartlink Holdings (SMARTLINK.NS)
[2026-03-29 15:50:19 UTC] [ERROR]   ✘ FAILED in 1.1s: No valid company data found or empty dataframe.
[2026-03-29 15:50:20 UTC] [INFO] [393/411] Bayer CropScience India (BAYERCROP.NS)
[2026-03-29 15:51:54 UTC] [INFO]   ✔ Done in 93.9s
[2026-03-29 15:51:54 UTC] [INFO]   ✔ Done in 96.0s
[2026-03-29 15:51:55 UTC] [INFO] [394/411] Dhanuka Agritech (DHANUKA.NS)
[2026-03-29 15:51:55 UTC] [INFO] [254/274] Indian Hotels (IHC.NS)
[2026-03-29 15:51:57 UTC] [ERROR]   ✘ FAILED in 2.3s: No valid company data found or empty dataframe.
[2026-03-29 15:51:58 UTC] [INFO] [255/274] EIH Limited (EIHOTEL.NS)
[2026-03-29 15:53:20 UTC] [INFO]   ✔ Done in 81.9s
[2026-03-29 15:53:20 UTC] [INFO]   ✔ Done in 85.5s
[2026-03-29 15:53:21 UTC] [INFO] [256/274] Chalet Hotels (CHALET.NS)
[2026-03-29 15:53:21 UTC] [INFO] [395/411] Sumitomo Chemical India (SUMICHEM.NS)
[2026-03-29 15:55:13 UTC] [INFO]   ✔ Done in 112.0s
[2026-03-29 15:55:13 UTC] [INFO]   ✔ Done in 112.0s
[2026-03-29 15:55:14 UTC] [INFO] [257/274] Lemon Tree Hotels (LEMONTREE.NS)
[2026-03-29 15:55:14 UTC] [INFO] [396/411] Nocil Limited (NOCIL.NS)
[2026-03-29 15:57:04 UTC] [INFO]   ✔ Done in 109.1s
[2026-03-29 15:57:04 UTC] [INFO]   ✔ Done in 109.5s
[2026-03-29 15:57:05 UTC] [INFO] [397/411] Camlin Fine Sciences (CAMLINFINE.NS)
[2026-03-29 15:57:05 UTC] [INFO] [258/274] Mahindra Holidays (MHRIL.NS)
[2026-03-29 15:59:16 UTC] [INFO]   ✔ Done in 131.1s
[2026-03-29 15:59:16 UTC] [INFO]   ✔ Done in 131.3s
[2026-03-29 15:59:17 UTC] [INFO] [259/274] Juniper Hotels (JUNIPER.BO)
[2026-03-29 15:59:17 UTC] [INFO] [398/411] Aarti Surfactants (AARTISUR.NS)
[2026-03-29 15:59:22 UTC] [ERROR]   ✘ FAILED in 5.2s: No valid company data found or empty dataframe.
[2026-03-29 15:59:23 UTC] [INFO] [399/411] Meghmani Organics (MEGHMANORG.NS)
[2026-03-29 15:59:27 UTC] [ERROR]   ✘ FAILED in 3.6s: No valid company data found or empty dataframe.
[2026-03-29 15:59:28 UTC] [INFO] [400/411] Aether Industries (AETHER.NS)
[2026-03-29 16:01:05 UTC] [INFO]   ✔ Done in 108.5s
[2026-03-29 16:01:06 UTC] [INFO] [260/274] The Park Hotels (PARKHOTEL2.BO)
[2026-03-29 16:01:12 UTC] [ERROR]   ✘ FAILED in 5.9s: No valid company data found or empty dataframe.
[2026-03-29 16:01:13 UTC] [INFO] [261/274] Sayaji Hotels (SAYAJIHOTEL.BO)
[2026-03-29 16:01:18 UTC] [ERROR]   ✘ FAILED in 4.5s: No valid company data found or empty dataframe.
[2026-03-29 16:01:19 UTC] [INFO] [262/274] Geojit Financial (GEOJITFSL.NS)
[2026-03-29 16:01:38 UTC] [INFO]   ✔ Done in 130.5s
[2026-03-29 16:01:39 UTC] [INFO] [401/411] Rossari Biotech (ROSSARI.NS)
[2026-03-29 16:04:14 UTC] [INFO]   ✔ Done in 174.9s
[2026-03-29 16:04:15 UTC] [INFO] [263/274] SBFC Finance (SBFC.NS)
[2026-03-29 16:04:38 UTC] [INFO]   ✔ Done in 178.5s
[2026-03-29 16:04:39 UTC] [INFO] [402/411] Caplin Chemicals (CAPLINCHEM.BO)
[2026-03-29 16:04:47 UTC] [ERROR]   ✘ FAILED in 8.7s: No valid company data found or empty dataframe.
[2026-03-29 16:04:48 UTC] [INFO] [403/411] Epigral (EPIGRAL.NS)
[2026-03-29 16:07:19 UTC] [INFO]   ✔ Done in 184.6s
[2026-03-29 16:07:20 UTC] [INFO] [264/274] Northern Arc Capital (NORTHARC.NS)
[2026-03-29 16:07:26 UTC] [INFO]   ✔ Done in 157.7s
[2026-03-29 16:07:27 UTC] [INFO] [404/411] Gujarat Alkalies (GUJALKALI.NS)
[2026-03-29 16:23:43 UTC] [INFO]   ✔ Done in 982.6s
[2026-03-29 16:23:44 UTC] [INFO] [265/274] Vaibhav Global (VAIBHAVGBL.NS)
[2026-03-29 16:23:44 UTC] [ERROR]   ✘ FAILED in 0.1s: No valid company data found or empty dataframe.
[2026-03-29 16:23:45 UTC] [INFO] [266/274] CarTrade Tech (CARTRADE.NS)
[2026-03-29 16:25:56 UTC] [INFO]   ✔ Done in 1108.5s
[2026-03-29 16:25:56 UTC] [ERROR]   ✘ FAILED in 0.3s: No valid company data found or empty dataframe.
[2026-03-29 16:25:57 UTC] [INFO] [405/411] Manali Petrochemical (MANALIPETC.NS)
[2026-03-29 16:25:57 UTC] [ERROR]   ✘ FAILED in 0.1s: No valid company data found or empty dataframe.
[2026-03-29 16:25:57 UTC] [INFO] [267/274] Policybazaar (POLICYBZR.NS)
[2026-03-29 16:25:57 UTC] [ERROR]   ✘ FAILED in 0.1s: No valid company data found or empty dataframe.
[2026-03-29 16:25:58 UTC] [INFO] [406/411] Laxmi Organic Industries (LXCHEM.NS)
[2026-03-29 16:25:58 UTC] [ERROR]   ✘ FAILED in 0.1s: No valid company data found or empty dataframe.
[2026-03-29 16:25:58 UTC] [INFO] [268/274] Yudiz Solutions (YUDIZ.BO)
[2026-03-29 16:25:58 UTC] [ERROR]   ✘ FAILED in 0.1s: No valid company data found or empty dataframe.
[2026-03-29 16:25:59 UTC] [INFO] [407/411] Deccan Fine Chemicals (DECCANFINE.BO)
[2026-03-29 16:25:59 UTC] [ERROR]   ✘ FAILED in 0.1s: No valid company data found or empty dataframe.
[2026-03-29 16:25:59 UTC] [INFO] [269/274] One Click Logic (ONECLICK.BO)
[2026-03-29 16:25:59 UTC] [ERROR]   ✘ FAILED in 0.1s: No valid company data found or empty dataframe.
[2026-03-29 16:26:00 UTC] [INFO] [408/411] Kovai Medical Center (KOVAI.NS)
[2026-03-29 16:26:00 UTC] [ERROR]   ✘ FAILED in 0.1s: No valid company data found or empty dataframe.
[2026-03-29 16:26:00 UTC] [INFO] [270/274] Sai Bhaskar Biotech (SAIBHASKBIO.BO)
[2026-03-29 16:26:01 UTC] [ERROR]   ✘ FAILED in 0.1s: No valid company data found or empty dataframe.
[2026-03-29 16:26:01 UTC] [INFO] [409/411] Rainbow Children's (RAINBOW.NS)
[2026-03-29 16:26:01 UTC] [ERROR]   ✘ FAILED in 0.1s: No valid company data found or empty dataframe.
[2026-03-29 16:26:02 UTC] [INFO] [271/274] Vraj Iron & Steel (VRAJ.BO)
[2026-03-29 16:26:02 UTC] [ERROR]   ✘ FAILED in 0.1s: No valid company data found or empty dataframe.
[2026-03-29 16:26:02 UTC] [INFO] [410/411] Jupiter Wagons (JUBLPHARMA.NS)
[2026-03-29 16:26:03 UTC] [INFO] [272/274] EMS Limited (EMS.NS)
[2026-03-29 16:26:03 UTC] [ERROR]   ✘ FAILED in 0.3s: No valid company data found or empty dataframe.
[2026-03-29 16:26:03 UTC] [ERROR]   ✘ FAILED in 0.2s: No valid company data found or empty dataframe.
[2026-03-29 16:26:04 UTC] [INFO] [411/411] Safari Industries (SAFARI.NS)
[2026-03-29 16:26:04 UTC] [INFO] [273/274] Ethos Limited (ETHOS.NS)
[2026-03-29 16:26:04 UTC] [ERROR]   ✘ FAILED in 0.1s: No valid company data found or empty dataframe.
[2026-03-29 16:26:04 UTC] [ERROR]   ✘ FAILED in 0.1s: No valid company data found or empty dataframe.
[2026-03-29 16:26:05 UTC] [INFO] BATCH COMPLETE  |  ok=77  failed=60  skipped=0
[2026-03-29 16:26:05 UTC] [INFO] [274/274] Kaynes Technology (KAYNES.NS)
[2026-03-29 16:26:05 UTC] [ERROR]   ✘ FAILED in 0.1s: No valid company data found or empty dataframe.
[2026-03-29 16:26:06 UTC] [INFO] BATCH COMPLETE  |  ok=78  failed=59  skipped=0
[2026-04-11 07:56:05 UTC] [INFO] ============================================================
[2026-04-11 07:56:05 UTC] [INFO] AEGIS-FIN Pipeline  |  3 companies  |  dry=False  |  resume=False
[2026-04-11 07:56:05 UTC] [INFO] ============================================================
[2026-04-11 07:56:05 UTC] [INFO] Pre-computing sector data (shared across all companies)...
[2026-04-11 07:56:22 UTC] [INFO] Sectors ready: 12 metrics, 12 health dfs
[2026-04-11 07:56:24 UTC] [INFO] Pushing sector metrics and health to Supabase...
[2026-04-11 07:56:31 UTC] [INFO] Sector data pushed.
[2026-04-11 07:56:31 UTC] [INFO] [1/3] Infollion Research Services (INFOLLION.NS)
[2026-04-11 07:57:11 UTC] [INFO]   ✔ Done in 40.0s
[2026-04-11 07:57:12 UTC] [INFO] [2/3] Zaggle Prepaid Ocean Services (ZAGGLE.NS)
[2026-04-11 07:57:46 UTC] [INFO]   ✔ Done in 34.4s
[2026-04-11 07:57:47 UTC] [INFO] [3/3] Netweb Technologies India (NETWEB.NS)
[2026-04-11 07:58:18 UTC] [INFO]   ✔ Done in 31.0s
[2026-04-11 07:58:19 UTC] [INFO] BATCH COMPLETE  |  ok=3  failed=0  skipped=0
